Archive member included to satisfy reference by file (symbol)

C:\Users\zx100\Documents\GitHub\fillhead\lib\libClearCore\Debug\libClearCore.a(DigitalInOutAnalogOut.o)
                              src/vacuum_controller.o (ClearCore::DigitalInOutAnalogOut::Mode(ClearCore::Connector::ConnectorModes))
C:\Users\zx100\Documents\GitHub\fillhead\lib\libClearCore\Debug\libClearCore.a(DigitalInAnalogIn.o)
                              src/heater_controller.o (ClearCore::DigitalInAnalogIn::Mode(ClearCore::Connector::ConnectorModes))
C:\Users\zx100\Documents\GitHub\fillhead\lib\libClearCore\Debug\libClearCore.a(DigitalInOut.o)
                              src/fillhead.o (ClearCore::DigitalInOut::State(short))
C:\Users\zx100\Documents\GitHub\fillhead\lib\libClearCore\Debug\libClearCore.a(DigitalIn.o)
                              src/injector_controller.o (ClearCore::DigitalIn::State())
C:\Users\zx100\Documents\GitHub\fillhead\lib\libClearCore\Debug\libClearCore.a(DigitalInOutHBridge.o)
                              src/fillhead.o (ClearCore::DigitalInOutHBridge::State())
C:\Users\zx100\Documents\GitHub\fillhead\lib\libClearCore\Debug\libClearCore.a(EthernetUdp.o)
                              src/comms_controller.o (ClearCore::EthernetUdp::EthernetUdp())
C:\Users\zx100\Documents\GitHub\fillhead\lib\libClearCore\Debug\libClearCore.a(InputManager.o)
                              C:\Users\zx100\Documents\GitHub\fillhead\lib\libClearCore\Debug\libClearCore.a(DigitalIn.o) (ClearCore::InputManager::InterruptHandlerSet(signed char, void (*)(), ClearCore::InputManager::InterruptTrigger, bool, bool))
C:\Users\zx100\Documents\GitHub\fillhead\lib\libClearCore\Debug\libClearCore.a(MotorDriver.o)
                              src/fillhead.o (ClearCore::MotorDriver::EnableRequest(bool))
C:\Users\zx100\Documents\GitHub\fillhead\lib\libClearCore\Debug\libClearCore.a(SerialBase.o)
                              src/force_sensor.o (ClearCore::SerialBase::CharGet())
C:\Users\zx100\Documents\GitHub\fillhead\lib\libClearCore\Debug\libClearCore.a(SerialDriver.o)
                              src/force_sensor.o (ClearCore::SerialDriver::Mode(ClearCore::Connector::ConnectorModes))
C:\Users\zx100\Documents\GitHub\fillhead\lib\libClearCore\Debug\libClearCore.a(SerialUsb.o)
                              src/comms_controller.o (ClearCore::SerialUsb::FlushInput())
C:\Users\zx100\Documents\GitHub\fillhead\lib\libClearCore\Debug\libClearCore.a(LedDriver.o)
                              src/fillhead.o (ClearCore::LedDriver::State(short))
C:\Users\zx100\Documents\GitHub\fillhead\lib\libClearCore\Debug\libClearCore.a(StatusManager.o)
                              C:\Users\zx100\Documents\GitHub\fillhead\lib\libClearCore\Debug\libClearCore.a(DigitalInAnalogIn.o) (ClearCore::StatusManager::AdcIsInTimeout())
C:\Users\zx100\Documents\GitHub\fillhead\lib\libClearCore\Debug\libClearCore.a(UsbManager.o)
                              C:\Users\zx100\Documents\GitHub\fillhead\lib\libClearCore\Debug\libClearCore.a(SerialUsb.o) (ClearCore::UsbManager::Speed(unsigned long))
C:\Users\zx100\Documents\GitHub\fillhead\lib\libClearCore\Debug\libClearCore.a(SysManager.o)
                              C:\Users\zx100\Documents\GitHub\fillhead\lib\libClearCore\Debug\libClearCore.a(MotorDriver.o) (ClearCore::SysManager::ConnectorByIndex(ClearCorePins))
C:\Users\zx100\Documents\GitHub\fillhead\lib\libClearCore\Debug\libClearCore.a(NvmManager.o)
                              src/fillhead.o (ClearCore::NvmManager::Instance())
C:\Users\zx100\Documents\GitHub\fillhead\lib\libClearCore\Debug\libClearCore.a(SysTiming.o)
                              C:\Users\zx100\Documents\GitHub\fillhead\lib\libClearCore\Debug\libClearCore.a(SysManager.o) (ClearCore::SysTiming::IsrStart())
C:\Users\zx100\Documents\GitHub\fillhead\lib\libClearCore\Debug\libClearCore.a(EthernetManager.o)
                              C:\Users\zx100\Documents\GitHub\fillhead\lib\libClearCore\Debug\libClearCore.a(SysManager.o) (ClearCore::EthernetManager::Initialize())
C:\Users\zx100\Documents\GitHub\fillhead\lib\libClearCore\Debug\libClearCore.a(ShiftRegister.o)
                              C:\Users\zx100\Documents\GitHub\fillhead\lib\libClearCore\Debug\libClearCore.a(SysManager.o) (ClearCore::ShiftRegister::ShiftRegister())
C:\Users\zx100\Documents\GitHub\fillhead\lib\libClearCore\Debug\libClearCore.a(MotorManager.o)
                              src/fillhead.o (ClearCore::MotorManager::MotorModeSet(ClearCore::MotorManager::MotorPair, ClearCore::Connector::ConnectorModes))
C:\Users\zx100\Documents\GitHub\fillhead\lib\libClearCore\Debug\libClearCore.a(StepGenerator.o)
                              C:\Users\zx100\Documents\GitHub\fillhead\lib\libClearCore\Debug\libClearCore.a(MotorDriver.o) (ClearCore::StepGenerator::Move(long, ClearCore::StepGenerator::MoveTarget))
C:\Users\zx100\Documents\GitHub\fillhead\lib\libClearCore\Debug\libClearCore.a(system_same53.o)
[...]
Memory Configuration

Name             Origin             Length             Attributes
FLASH            0x00004000         0x0007c000         xr
RAM              0x20000000         0x00030000         xrw
*default*        0x00000000         0xffffffff

Linker script and memory map

LOAD c:/program files (x86)/atmel/studio/7.0/toolchain/arm/arm-gnu-toolchain/bin/../lib/gcc/arm-none-eabi/6.3.1/thumb/v7e-m/fpv4-sp/hard/crti.o
LOAD c:/program files (x86)/atmel/studio/7.0/toolchain/arm/arm-gnu-toolchain/bin/../lib/gcc/arm-none-eabi/6.3.1/thumb/v7e-m/fpv4-sp/hard/crtbegin.o
LOAD c:/program files (x86)/atmel/studio/7.0/toolchain/arm/arm-gnu-toolchain/bin/../lib/gcc/arm-none-eabi/6.3.1/../../../../arm-none-eabi/lib/thumb/v7e-m/fpv4-sp/hard/rdimon-crt0.o
LOAD Device_Startup/startup_same53.o
LOAD src/fillhead.o
LOAD src/heater_controller.o
LOAD src/comms_controller.o
LOAD src/injector_controller.o
LOAD src/pinch_valve_controller.o
LOAD src/vacuum_controller.o
LOAD src/error_log.o
LOAD src/commands.o
LOAD src/events.o
LOAD src/force_sensor.o
START GROUP
LOAD C:\Program Files (x86)\Atmel\Studio\7.0\Packs\arm\CMSIS\4.5.0\CMSIS\Lib\GCC\libarm_cortexM4lf_math.a
LOAD C:\Users\zx100\Documents\GitHub\fillhead\lib\libClearCore\Debug\libClearCore.a
LOAD C:\Users\zx100\Documents\GitHub\fillhead\lib\LwIP\Debug\libLwIP.a
END GROUP
LOAD c:/program files (x86)/atmel/studio/7.0/toolchain/arm/arm-gnu-toolchain/bin/../lib/gcc/arm-none-eabi/6.3.1/../../../../arm-none-eabi/lib/thumb/v7e-m/fpv4-sp/hard\libstdc++.a
LOAD c:/program files (x86)/atmel/studio/7.0/toolchain/arm/arm-gnu-toolchain/bin/../lib/gcc/arm-none-eabi/6.3.1/../../../../arm-none-eabi/lib/thumb/v7e-m/fpv4-sp/hard\libm.a
START GROUP
LOAD c:/program files (x86)/atmel/studio/7.0/toolchain/arm/arm-gnu-toolchain/bin/../lib/gcc/arm-none-eabi/6.3.1/thumb/v7e-m/fpv4-sp/hard\libgcc.a
LOAD c:/program files (x86)/atmel/studio/7.0/toolchain/arm/arm-gnu-toolchain/bin/../lib/gcc/arm-none-eabi/6.3.1/../../../../arm-none-eabi/lib/thumb/v7e-m/fpv4-sp/hard\libc.a
END GROUP
START GROUP
LOAD c:/program files (x86)/atmel/studio/7.0/toolchain/arm/arm-gnu-toolchain/bin/../lib/gcc/arm-none-eabi/6.3.1/thumb/v7e-m/fpv4-sp/hard\libgcc.a
LOAD c:/program files (x86)/atmel/studio/7.0/toolchain/arm/arm-gnu-toolchain/bin/../lib/gcc/arm-none-eabi/6.3.1/../../../../arm-none-eabi/lib/thumb/v7e-m/fpv4-sp/hard\libc.a
LOAD c:/program files (x86)/atmel/studio/7.0/toolchain/arm/arm-gnu-toolchain/bin/../lib/gcc/arm-none-eabi/6.3.1/../../../../arm-none-eabi/lib/thumb/v7e-m/fpv4-sp/hard\librdimon.a
END GROUP
LOAD c:/program files (x86)/atmel/studio/7.0/toolchain/arm/arm-gnu-toolchain/bin/../lib/gcc/arm-none-eabi/6.3.1/thumb/v7e-m/fpv4-sp/hard/crtend.o
LOAD c:/program files (x86)/atmel/studio/7.0/toolchain/arm/arm-gnu-toolchain/bin/../lib/gcc/arm-none-eabi/6.3.1/thumb/v7e-m/fpv4-sp/hard/crtn.o

.text           0x00004000    0x3cb68
                0x00004000                __text_start__ = .
 *(.sketch_boot)
                0x00004000                . = ALIGN (0x4000)
 *(.vectors)
 .vectors       0x00004000      0x264 Device_Startup/startup_same53.o
                0x00004000                exception_table
 *(.text*)
 .text          0x00004264       0x6c c:/program files (x86)/atmel/studio/7.0/toolchain/arm/arm-gnu-toolchain/bin/../lib/gcc/arm-none-eabi/6.3.1/thumb/v7e-m/fpv4-sp/hard/crtbegin.o
 .text.Dummy_Handler
                0x000042d0        0x4 Device_Startup/startup_same53.o
                0x000042d0                SVCall_Handler
                0x000042d0                EVSYS_0_Handler
                0x000042d0                TCC1_3_Handler
                0x000042d0                DAC_3_Handler
                0x000042d0                TRNG_Handler
                0x000042d0                HardFault_Handler
                0x000042d0                TC2_Handler
                0x000042d0                PDEC_2_Handler
                0x000042d0                AC_Handler
                0x000042d0                SERCOM3_1_Handler
                0x000042d0                TCC2_3_Handler
                0x000042d0                SERCOM3_2_Handler
                0x000042d0                PendSV_Handler
                0x000042d0                TC7_Handler
                0x000042d0                ADC1_1_Handler
                0x000042d0                EVSYS_3_Handler
                0x000042d0                PDEC_0_Handler
                0x000042d0                QSPI_Handler
                0x000042d0                NonMaskableInt_Handler
                0x000042d0                MemManagement_Handler
                0x000042d0                DAC_2_Handler
                0x000042d0                RTC_Handler
                0x000042d0                UsageFault_Handler
                0x000042d0                SERCOM4_0_Handler
                0x000042d0                OSC32KCTRL_Handler
                0x000042d0                TCC2_1_Handler
                0x000042d0                SUPC_1_Handler
                0x000042d0                TCC0_5_Handler
                0x000042d0                TCC0_6_Handler
                0x000042d0                SERCOM6_2_Handler
                0x000042d0                EVSYS_1_Handler
                0x000042d0                TCC1_4_Handler
                0x000042d0                TC6_Handler
                0x000042d0                DMAC_0_Handler
                0x000042d0                SERCOM6_0_Handler
                0x000042d0                SERCOM5_0_Handler
                0x000042d0                TC4_Handler
                0x000042d0                TC1_Handler
                0x000042d0                OSCCTRL_4_Handler
                0x000042d0                SERCOM4_3_Handler
                0x000042d0                DMAC_4_Handler
                0x000042d0                TCC4_2_Handler
                0x000042d0                PAC_Handler
                0x000042d0                TCC1_0_Handler
                0x000042d0                OSCCTRL_0_Handler
                0x000042d0                OSCCTRL_3_Handler
                0x000042d0                SERCOM4_1_Handler
                0x000042d0                TC3_Handler
                0x000042d0                Dummy_Handler
                0x000042d0                TCC2_2_Handler
                0x000042d0                SERCOM5_1_Handler
                0x000042d0                TCC1_1_Handler
                0x000042d0                DMAC_2_Handler
                0x000042d0                ADC0_0_Handler
                0x000042d0                SERCOM0_1_Handler
                0x000042d0                OSCCTRL_2_Handler
                0x000042d0                ADC1_0_Handler
                0x000042d0                TCC1_2_Handler
                0x000042d0                SERCOM7_1_Handler
                0x000042d0                PM_Handler
                0x000042d0                SERCOM6_3_Handler
                0x000042d0                DAC_4_Handler
                0x000042d0                TCC3_2_Handler
                0x000042d0                TCC0_2_Handler
                0x000042d0                DMAC_1_Handler
                0x000042d0                SDHC1_Handler
                0x000042d0                TCC2_0_Handler
                0x000042d0                PDEC_1_Handler
                0x000042d0                TCC4_1_Handler
                0x000042d0                SERCOM5_3_Handler
                0x000042d0                SERCOM6_1_Handler
                0x000042d0                SDHC0_Handler
                0x000042d0                SERCOM1_1_Handler
                0x000042d0                I2S_Handler
                0x000042d0                PCC_Handler
                0x000042d0                DAC_0_Handler
                0x000042d0                TCC0_1_Handler
                0x000042d0                SERCOM1_3_Handler
                0x000042d0                OSCCTRL_1_Handler
                0x000042d0                SERCOM1_0_Handler
                0x000042d0                PUKCC_Handler
                0x000042d0                SERCOM2_1_Handler
                0x000042d0                SERCOM1_2_Handler
                0x000042d0                SERCOM3_0_Handler
                0x000042d0                SERCOM4_2_Handler
                0x000042d0                EVSYS_4_Handler
                0x000042d0                NVMCTRL_1_Handler
                0x000042d0                SERCOM5_2_Handler
                0x000042d0                SERCOM3_3_Handler
                0x000042d0                ADC0_1_Handler
                0x000042d0                TCC3_1_Handler
                0x000042d0                DAC_1_Handler
                0x000042d0                NVMCTRL_0_Handler
                0x000042d0                MCLK_Handler
                0x000042d0                EVSYS_2_Handler
                0x000042d0                SUPC_0_Handler
                0x000042d0                BusFault_Handler
                0x000042d0                FREQM_Handler
                0x000042d0                TC0_Handler
                0x000042d0                TCC0_3_Handler
                0x000042d0                DMAC_3_Handler
                0x000042d0                DebugMonitor_Handler
                0x000042d0                TCC0_4_Handler
                0x000042d0                RAMECC_Handler
                0x000042d0                TC5_Handler
                0x000042d0                AES_Handler
                0x000042d0                ICM_Handler
 .text._Z11sendMessagePKc
                0x000042d4       0x2c src/fillhead.o
                0x000042d4                sendMessage(char const*)
 .text._ZN8FillheadC2Ev
                0x00004300       0xc0 src/fillhead.o
                0x00004300                Fillhead::Fillhead()
                0x00004300                Fillhead::Fillhead()
 .text._ZN8Fillhead11updateStateEv
                0x000043c0      0x2a4 src/fillhead.o
                0x000043c0                Fillhead::updateState()
 .text._ZN8Fillhead16publishTelemetryEv
                0x00004664       0xf8 src/fillhead.o
                0x00004664                Fillhead::publishTelemetry()
 .text._ZN8Fillhead11reportEventEPKcS1_
                0x0000475c        0x4 src/fillhead.o
                0x0000475c                Fillhead::reportEvent(char const*, char const*)
 .text.startup._GLOBAL__sub_I_g_watchdogRecoveryFlag
                0x00004760        0xc src/fillhead.o
 .text._ZN8Fillhead22handleWatchdogRecoveryEv
                0x0000476c      0x180 src/fillhead.o
                0x0000476c                Fillhead::handleWatchdogRecovery()
 .text._ZN8Fillhead5setupEv
                0x000048ec      0x2a4 src/fillhead.o
                0x000048ec                Fillhead::setup()
 .text.WDT_Handler
                0x00004b90       0xb0 src/fillhead.o
                0x00004b90                WDT_Handler
 .text._ZN8Fillhead15dispatchCommandERK7Message
                0x00004c40     0x1408 src/fillhead.o
                0x00004c40                Fillhead::dispatchCommand(Message const&)
 .text._ZN8Fillhead4loopEv.constprop.8
                0x00006048      0x30c src/fillhead.o
 .text.startup.main
                0x00006354       0x14 src/fillhead.o
                0x00006354                main
 .text._ZN16HeaterControllerC2EP8Fillhead
                0x00006368       0x6c src/heater_controller.o
                0x00006368                HeaterController::HeaterController(Fillhead*)
                0x00006368                HeaterController::HeaterController(Fillhead*)
 .text._ZN16HeaterController8heaterOnEPKc
                0x000063d4      0x140 src/heater_controller.o
                0x000063d4                HeaterController::heaterOn(char const*)
 .text._ZN16HeaterController8setGainsEPKc
                0x00006514      0x11c src/heater_controller.o
                0x00006514                HeaterController::setGains(char const*)
 .text._ZN16HeaterController11setSetpointEPKc
                0x00006630       0xb8 src/heater_controller.o
                0x00006630                HeaterController::setSetpoint(char const*)
 .text._ZN16HeaterController15setFanThresholdEPKc
                0x000066e8       0xcc src/heater_controller.o
                0x000066e8                HeaterController::setFanThreshold(char const*)
 .text._ZN16HeaterController18getTelemetryStringEv
                0x000067b4       0x58 src/heater_controller.o
                0x000067b4                HeaterController::getTelemetryString()
 .text._ZNK16HeaterController8getStateEv
                0x0000680c       0x18 src/heater_controller.o
                0x0000680c                HeaterController::getState() const
 .text._ZN16HeaterController5setupEv
                0x00006824       0x60 src/heater_controller.o
                0x00006824                HeaterController::setup()
 .text._ZN16HeaterController12emergencyOffEv
                0x00006884       0x30 src/heater_controller.o
                0x00006884                HeaterController::emergencyOff()
 .text._ZN16HeaterController12triggerFaultE11HeaterFault.part.2
                0x000068b4       0xa0 src/heater_controller.o
 .text._ZN16HeaterController22checkThermalProtectionEv
                0x00006954      0x104 src/heater_controller.o
                0x00006954                HeaterController::checkThermalProtection()
 .text._ZN16HeaterController11updateStateEv
                0x00006a58      0x1d0 src/heater_controller.o
                0x00006a58                HeaterController::updateState()
 .text._ZN16HeaterController13handleCommandE7CommandPKc
                0x00006c28       0xb4 src/heater_controller.o
                0x00006c28                HeaterController::handleCommand(Command, char const*)
 .text._ZN16HeaterController17updateTemperatureEv
                0x00006cdc       0xe0 src/heater_controller.o
                0x00006cdc                HeaterController::updateTemperature()
 .text._ZN15CommsControllerC2Ev
                0x00006dbc       0x70 src/comms_controller.o
                0x00006dbc                CommsController::CommsController()
                0x00006dbc                CommsController::CommsController()
 .text._ZN15CommsController9dequeueRxER7Message
                0x00006e2c       0x48 src/comms_controller.o
                0x00006e2c                CommsController::dequeueRx(Message&)
 .text._ZN15CommsController9enqueueTxEPKcRKN9ClearCore9IpAddressEt
                0x00006e74       0xd0 src/comms_controller.o
                0x00006e74                CommsController::enqueueTx(char const*, ClearCore::IpAddress const&, unsigned short)
 .text._ZN15CommsController10processUdpEv
                0x00006f44      0x114 src/comms_controller.o
                0x00006f44                CommsController::processUdp()
 .text._ZN15CommsController11reportEventEPKcS1_
                0x00007058      0x134 src/comms_controller.o
                0x00007058                CommsController::reportEvent(char const*, char const*)
 .text._ZN15CommsController19notifyUsbHostActiveEv
                0x0000718c      0x140 src/comms_controller.o
                0x0000718c                CommsController::notifyUsbHostActive()
 .text._ZN15CommsController16processUsbSerialEv
                0x000072cc      0x250 src/comms_controller.o
                0x000072cc                CommsController::processUsbSerial()
 .text._ZN15CommsController13setupEthernetEv
                0x0000751c       0xec src/comms_controller.o
                0x0000751c                CommsController::setupEthernet()
 .text._ZN15CommsController5setupEv
                0x00007608       0x44 src/comms_controller.o
                0x00007608                CommsController::setup()
 .text._ZN15CommsController14processTxQueueEv
                0x0000764c      0x2cc src/comms_controller.o
                0x0000764c                CommsController::processTxQueue()
 .text._ZN15CommsController6updateEv
                0x00007918       0x2c src/comms_controller.o
                0x00007918                CommsController::update()
 .text._ZN8Injector11reportEventEPKcS1_.constprop.23
                0x00007944       0x2c src/injector_controller.o
 .text._ZN8Injector11reportEventEPKcS1_.constprop.24
                0x00007970       0x2c src/injector_controller.o
 .text._ZN8InjectorC2EPN9ClearCore11MotorDriverES2_P8Fillhead
                0x0000799c      0x1d8 src/injector_controller.o
                0x0000799c                Injector::Injector(ClearCore::MotorDriver*, ClearCore::MotorDriver*, Fillhead*)
                0x0000799c                Injector::Injector(ClearCore::MotorDriver*, ClearCore::MotorDriver*, Fillhead*)
 .text._ZN8Injector5setupEv
                0x00007b74      0x43c src/injector_controller.o
                0x00007b74                Injector::setup()
 .text._ZNK8Injector34estimateMachineDeflectionFromForceEf
                0x00007fb0      0x178 src/injector_controller.o
                0x00007fb0                Injector::estimateMachineDeflectionFromForce(float) const
 .text._ZN8Injector22setMachineStrainCoeffsEfffff
                0x00008128       0x54 src/injector_controller.o
                0x00008128                Injector::setMachineStrainCoeffs(float, float, float, float, float)
 .text._ZN8Injector6enableEv
                0x0000817c       0xb4 src/injector_controller.o
                0x0000817c                Injector::enable()
 .text._ZN8Injector17updateEnableStateEv
                0x00008230       0x98 src/injector_controller.o
                0x00008230                Injector::updateEnableState()
 .text._ZNK8Injector16isEnableCompleteEv
                0x000082c8       0x10 src/injector_controller.o
                0x000082c8                Injector::isEnableComplete() const
 .text._ZN8Injector7disableEv
                0x000082d8       0x48 src/injector_controller.o
                0x000082d8                Injector::disable()
 .text._ZN8Injector9abortMoveEv
                0x00008320       0x1c src/injector_controller.o
                0x00008320                Injector::abortMove()
 .text._ZN8Injector5resetEv
                0x0000833c       0x94 src/injector_controller.o
                0x0000833c                Injector::reset()
 .text._ZN8Injector13cartridgeHomeEv
                0x000083d0      0x114 src/injector_controller.o
                0x000083d0                Injector::cartridgeHome()
 .text._ZN8Injector19setCartridgeMlPerMmEPKc
                0x000084e4       0xb4 src/injector_controller.o
                0x000084e4                Injector::setCartridgeMlPerMm(char const*)
 .text._ZN8Injector10setRetractEPKc
                0x00008598      0x1b4 src/injector_controller.o
                0x00008598                Injector::setRetract(char const*)
 .text._ZN8Injector16pauseGeneralMoveEv
                0x0000874c       0xb0 src/injector_controller.o
                0x0000874c                Injector::pauseGeneralMove()
 .text._ZN8Injector17cancelGeneralMoveEv
                0x000087fc      0x104 src/injector_controller.o
                0x000087fc                Injector::cancelGeneralMove()
 .text._ZN8Injector12setForceModeEPKc
                0x00008900       0x74 src/injector_controller.o
                0x00008900                Injector::setForceMode(char const*)
 .text._ZNK8Injector12getForceModeEv
                0x00008974        0x4 src/injector_controller.o
                0x00008974                Injector::getForceMode() const
 .text._ZN8Injector25setForceCalibrationOffsetEf
                0x00008978       0x4c src/injector_controller.o
                0x00008978                Injector::setForceCalibrationOffset(float)
 .text._ZN8Injector24setForceCalibrationScaleEf
                0x000089c4       0x4c src/injector_controller.o
                0x000089c4                Injector::setForceCalibrationScale(float)
 .text._ZNK8Injector25getForceCalibrationOffsetEv
                0x00008a10       0x24 src/injector_controller.o
                0x00008a10                Injector::getForceCalibrationOffset() const
 .text._ZN8Injector11setPolarityEPKc
                0x00008a34       0x94 src/injector_controller.o
                0x00008a34                Injector::setPolarity(char const*)
 .text._ZN8Injector13setHomeOnBootEPKc
                0x00008ac8       0x54 src/injector_controller.o
                0x00008ac8                Injector::setHomeOnBoot(char const*)
 .text._ZNK8Injector13getHomeOnBootEv
                0x00008b1c        0x8 src/injector_controller.o
                0x00008b1c                Injector::getHomeOnBoot() const
 .text._ZN8Injector17setPressThresholdEf
                0x00008b24       0x44 src/injector_controller.o
                0x00008b24                Injector::setPressThreshold(float)
 .text._ZN8Injector9startMoveElii
                0x00008b68       0xc4 src/injector_controller.o
                0x00008b68                Injector::startMove(long, int, int)
 .text._ZN8Injector22moveToCartridgeRetractEPKc
                0x00008c2c       0xc8 src/injector_controller.o
                0x00008c2c                Injector::moveToCartridgeRetract(char const*)
 .text._ZN8Injector18initiateInjectMoveEPKc
                0x00008cf4      0x1dc src/injector_controller.o
                0x00008cf4                Injector::initiateInjectMove(char const*)
 .text._ZN8Injector15resumeOperationEv
                0x00008ed0       0xe4 src/injector_controller.o
                0x00008ed0                Injector::resumeOperation()
 *fill*         0x00008fb4        0x4 
 .text._ZN8Injector12moveAbsoluteEPKc
                0x00008fb8      0x520 src/injector_controller.o
                0x00008fb8                Injector::moveAbsolute(char const*)
 .text._ZN8Injector15moveIncrementalEPKc
                0x000094d8      0x510 src/injector_controller.o
                0x000094d8                Injector::moveIncremental(char const*)
 .text._ZN8Injector7retractEPKc
                0x000099e8      0x244 src/injector_controller.o
                0x000099e8                Injector::retract(char const*)
 .text._ZN8Injector17resumeGeneralMoveEv
                0x00009c2c      0x1a8 src/injector_controller.o
                0x00009c2c                Injector::resumeGeneralMove()
 .text._ZN8Injector16checkTorqueLimitEv
                0x00009dd4      0x1c8 src/injector_controller.o
                0x00009dd4                Injector::checkTorqueLimit()
 .text._ZN8Injector18handleLimitReachedEPKcf
                0x00009f9c      0x298 src/injector_controller.o
                0x00009f9c                Injector::handleLimitReached(char const*, float)
 .text._ZN8Injector22handleFeedLimitReachedEPKcf
                0x0000a234      0x218 src/injector_controller.o
                0x0000a234                Injector::handleFeedLimitReached(char const*, float)
 .text._ZNK8Injector6isBusyEv
                0x0000a44c        0xc src/injector_controller.o
                0x0000a44c                Injector::isBusy() const
 .text._ZNK8Injector8getStateEv
                0x0000a458       0x1c src/injector_controller.o
                0x0000a458                Injector::getState() const
 .text._ZNK8Injector9isInFaultEv
                0x0000a474       0x18 src/injector_controller.o
                0x0000a474                Injector::isInFault() const
 .text._ZN8Injector18getTelemetryStringEv
                0x0000a48c      0x470 src/injector_controller.o
                0x0000a48c                Injector::getTelemetryString()
 .text._ZN8Injector4homeEv
                0x0000a8fc      0x240 src/injector_controller.o
                0x0000a8fc                Injector::home()
 .text._ZN8Injector13handleCommandE7CommandPKc
                0x0000ab3c      0x254 src/injector_controller.o
                0x0000ab3c                Injector::handleCommand(Command, char const*)
 .text._ZN8Injector11updateStateEv
                0x0000ad90     0x1590 src/injector_controller.o
                0x0000ad90                Injector::updateState()
 .text._ZN10PinchValveC2EPKcPN9ClearCore11MotorDriverERNS2_9DigitalInEiP8Fillhead
                0x0000c320       0x5c src/pinch_valve_controller.o
                0x0000c320                PinchValve::PinchValve(char const*, ClearCore::MotorDriver*, ClearCore::DigitalIn&, int, Fillhead*)
                0x0000c320                PinchValve::PinchValve(char const*, ClearCore::MotorDriver*, ClearCore::DigitalIn&, int, Fillhead*)
 .text._ZN10PinchValve5setupEv
                0x0000c37c       0x78 src/pinch_valve_controller.o
                0x0000c37c                PinchValve::setup()
 .text._ZN10PinchValve5closeEPKc
                0x0000c3f4      0x1bc src/pinch_valve_controller.o
                0x0000c3f4                PinchValve::close(char const*)
 .text._ZN10PinchValve13handleCommandE7CommandPKc
                0x0000c5b0      0x27c src/pinch_valve_controller.o
                0x0000c5b0                PinchValve::handleCommand(Command, char const*)
 .text._ZN10PinchValve6enableEv
                0x0000c82c       0x60 src/pinch_valve_controller.o
                0x0000c82c                PinchValve::enable()
 .text._ZN10PinchValve7disableEv
                0x0000c88c       0x48 src/pinch_valve_controller.o
                0x0000c88c                PinchValve::disable()
 .text._ZN10PinchValve5abortEv
                0x0000c8d4       0x3c src/pinch_valve_controller.o
                0x0000c8d4                PinchValve::abort()
 .text._ZN10PinchValve5resetEv
                0x0000c910       0x2c src/pinch_valve_controller.o
                0x0000c910                PinchValve::reset()
 .text._ZN10PinchValve16setPinchDefaultsEff
                0x0000c93c       0x20 src/pinch_valve_controller.o
                0x0000c93c                PinchValve::setPinchDefaults(float, float)
 .text._ZNK10PinchValve13getHomeOnBootEv
                0x0000c95c        0x4 src/pinch_valve_controller.o
                0x0000c95c                PinchValve::getHomeOnBoot() const
 .text._ZN10PinchValve13setHomeOnBootEPKc
                0x0000c960       0x50 src/pinch_valve_controller.o
                0x0000c960                PinchValve::setHomeOnBoot(char const*)
 .text._ZN10PinchValve11reportEventEPKcS1_
                0x0000c9b0       0x2c src/pinch_valve_controller.o
                0x0000c9b0                PinchValve::reportEvent(char const*, char const*)
 .text._ZN10PinchValve11updateStateEv
                0x0000c9dc      0x7d0 src/pinch_valve_controller.o
                0x0000c9dc                PinchValve::updateState()
 .text._ZN10PinchValve18getTelemetryStringEv
                0x0000d1ac       0xd8 src/pinch_valve_controller.o
                0x0000d1ac                PinchValve::getTelemetryString()
 .text._ZNK10PinchValve6isBusyEv
                0x0000d284       0x10 src/pinch_valve_controller.o
                0x0000d284                PinchValve::isBusy() const
 .text._ZNK10PinchValve9isInFaultEv
                0x0000d294        0xc src/pinch_valve_controller.o
                0x0000d294                PinchValve::isInFault() const
 .text._ZNK10PinchValve7isHomedEv
                0x0000d2a0        0x8 src/pinch_valve_controller.o
                0x0000d2a0                PinchValve::isHomed() const
 .text._ZNK10PinchValve6isOpenEv
                0x0000d2a8       0x10 src/pinch_valve_controller.o
                0x0000d2a8                PinchValve::isOpen() const
 .text._ZNK10PinchValve8getStateEv
                0x0000d2b8       0x18 src/pinch_valve_controller.o
                0x0000d2b8                PinchValve::getState() const
 .text._ZN16VacuumControllerC2EP8Fillhead
                0x0000d2d0       0x40 src/vacuum_controller.o
                0x0000d2d0                VacuumController::VacuumController(Fillhead*)
                0x0000d2d0                VacuumController::VacuumController(Fillhead*)
 .text._ZN16VacuumController9setTargetEPKc
                0x0000d310       0x94 src/vacuum_controller.o
                0x0000d310                VacuumController::setTarget(char const*)
 .text._ZN16VacuumController10setTimeoutEPKc
                0x0000d3a4       0xa0 src/vacuum_controller.o
                0x0000d3a4                VacuumController::setTimeout(char const*)
 .text._ZN16VacuumController12setLeakDeltaEPKc
                0x0000d444       0x98 src/vacuum_controller.o
                0x0000d444                VacuumController::setLeakDelta(char const*)
 .text._ZN16VacuumController15setLeakDurationEPKc
                0x0000d4dc       0xa0 src/vacuum_controller.o
                0x0000d4dc                VacuumController::setLeakDuration(char const*)
 .text._ZN16VacuumController18getTelemetryStringEv
                0x0000d57c       0x44 src/vacuum_controller.o
                0x0000d57c                VacuumController::getTelemetryString()
 .text._ZNK16VacuumController6isBusyEv
                0x0000d5c0        0xc src/vacuum_controller.o
                0x0000d5c0                VacuumController::isBusy() const
 .text._ZNK16VacuumController8getStateEv
                0x0000d5cc       0x58 src/vacuum_controller.o
                0x0000d5cc                VacuumController::getState() const
 .text._ZN16VacuumController5setupEv
                0x0000d624       0x40 src/vacuum_controller.o
                0x0000d624                VacuumController::setup()
 .text._ZN16VacuumController8vacuumOnEPKc
                0x0000d664       0xf0 src/vacuum_controller.o
                0x0000d664                VacuumController::vacuumOn(char const*)
 .text._ZN16VacuumController8leakTestEPKc
                0x0000d754      0x12c src/vacuum_controller.o
                0x0000d754                VacuumController::leakTest(char const*)
 .text._ZN16VacuumController10resetStateEv
                0x0000d880       0x24 src/vacuum_controller.o
                0x0000d880                VacuumController::resetState()
 .text._ZN16VacuumController13handleCommandE7CommandPKc
                0x0000d8a4       0xf8 src/vacuum_controller.o
                0x0000d8a4                VacuumController::handleCommand(Command, char const*)
 .text._ZN16VacuumController11updateStateEv
                0x0000d99c      0x214 src/vacuum_controller.o
                0x0000d99c                VacuumController::updateState()
 .text._ZN16VacuumController12updateVacuumEv
                0x0000dbb0       0x84 src/vacuum_controller.o
                0x0000dbb0                VacuumController::updateVacuum()
 .text._ZN8ErrorLog3logE8LogLevelPKc
                0x0000dc34       0x68 src/error_log.o
                0x0000dc34                ErrorLog::log(LogLevel, char const*)
 .text._ZN8ErrorLog4logfE8LogLevelPKcz
                0x0000dc9c       0x7c src/error_log.o
                0x0000dc9c                ErrorLog::logf(LogLevel, char const*, ...)
 .text._ZNK8ErrorLog13getEntryCountEv
                0x0000dd18        0x8 src/error_log.o
                0x0000dd18                ErrorLog::getEntryCount() const
 .text._ZNK8ErrorLog8getEntryEiP8LogEntry
                0x0000dd20       0x50 src/error_log.o
                0x0000dd20                ErrorLog::getEntry(int, LogEntry*) const
 .text._ZN12HeartbeatLog3logEbbh
                0x0000dd70       0x64 src/error_log.o
                0x0000dd70                HeartbeatLog::log(bool, bool, unsigned char)
 .text._ZNK12HeartbeatLog13getEntryCountEv
                0x0000ddd4        0x8 src/error_log.o
                0x0000ddd4                HeartbeatLog::getEntryCount() const
 .text._ZNK12HeartbeatLog8getEntryEiP14HeartbeatEntry
                0x0000dddc       0x54 src/error_log.o
                0x0000dddc                HeartbeatLog::getEntry(int, HeartbeatEntry*) const
 .text.startup._GLOBAL__sub_I_g_errorLog
                0x0000de30       0x2c src/error_log.o
 .text._Z12parseCommandPKc
                0x0000de5c      0x42c src/commands.o
                0x0000de5c                parseCommand(char const*)
 .text._Z16getCommandParamsPKc7Command
                0x0000e288       0x74 src/commands.o
                0x0000e288                getCommandParams(char const*, Command)
 .text._Z9sendEvent5Event
                0x0000e2fc       0x4c src/events.o
                0x0000e2fc                sendEvent(Event)
 .text._ZN11ForceSensorC2Ev
                0x0000e348       0x30 src/force_sensor.o
                0x0000e348                ForceSensor::ForceSensor()
                0x0000e348                ForceSensor::ForceSensor()
 .text._ZNK11ForceSensor11isConnectedEv
                0x0000e378       0x18 src/force_sensor.o
                0x0000e378                ForceSensor::isConnected() const
 .text._ZN11ForceSensor9setOffsetEf
                0x0000e390       0x1c src/force_sensor.o
                0x0000e390                ForceSensor::setOffset(float)
 .text._ZN11ForceSensor8setScaleEf
                0x0000e3ac       0x1c src/force_sensor.o
                0x0000e3ac                ForceSensor::setScale(float)
 .text._ZN11ForceSensor22loadCalibrationFromNVMEv
                0x0000e3c8       0xc4 src/force_sensor.o
                0x0000e3c8                ForceSensor::loadCalibrationFromNVM()
 .text._ZN11ForceSensor5setupEv
                0x0000e48c       0x44 src/force_sensor.o
                0x0000e48c                ForceSensor::setup()
 .text._ZN11ForceSensor6updateEv
                0x0000e4d0       0x98 src/force_sensor.o
                0x0000e4d0                ForceSensor::update()
 .text._ZN9ClearCore9DigitalIn17ExternalInterruptEv
                0x0000e568        0x8 C:\Users\zx100\Documents\GitHub\fillhead\lib\libClearCore\Debug\libClearCore.a(DigitalInOutAnalogOut.o)
                0x0000e568                ClearCore::DigitalIn::ExternalInterrupt()
 .text._ZN9ClearCore12DigitalInOut11IsInHwFaultEv
                0x0000e570        0x8 C:\Users\zx100\Documents\GitHub\fillhead\lib\libClearCore\Debug\libClearCore.a(DigitalInOutAnalogOut.o)
                0x0000e570                ClearCore::DigitalInOut::IsInHwFault()
 .text._ZN9ClearCore21DigitalInOutAnalogOut4ModeEv
                0x0000e578        0x4 C:\Users\zx100\Documents\GitHub\fillhead\lib\libClearCore\Debug\libClearCore.a(DigitalInOutAnalogOut.o)
                0x0000e578                ClearCore::DigitalInOutAnalogOut::Mode()
 .text._ZN9ClearCore21DigitalInOutAnalogOut4TypeEv
                0x0000e57c        0x4 C:\Users\zx100\Documents\GitHub\fillhead\lib\libClearCore\Debug\libClearCore.a(DigitalInOutAnalogOut.o)
                0x0000e57c                ClearCore::DigitalInOutAnalogOut::Type()
 .text._ZN9ClearCore21DigitalInOutAnalogOut10IsWritableEv
                0x0000e580       0x14 C:\Users\zx100\Documents\GitHub\fillhead\lib\libClearCore\Debug\libClearCore.a(DigitalInOutAnalogOut.o)
                0x0000e580                ClearCore::DigitalInOutAnalogOut::IsWritable()
 .text._ZN9ClearCore21DigitalInOutAnalogOutC2ENS_13ShiftRegister5MasksEPK15PeripheralRouteS5_S5_b
                0x0000e594       0x34 C:\Users\zx100\Documents\GitHub\fillhead\lib\libClearCore\Debug\libClearCore.a(DigitalInOutAnalogOut.o)
                0x0000e594                ClearCore::DigitalInOutAnalogOut::DigitalInOutAnalogOut(ClearCore::ShiftRegister::Masks, PeripheralRoute const*, PeripheralRoute const*, PeripheralRoute const*, bool)
                0x0000e594                ClearCore::DigitalInOutAnalogOut::DigitalInOutAnalogOut(ClearCore::ShiftRegister::Masks, PeripheralRoute const*, PeripheralRoute const*, PeripheralRoute const*, bool)
 .text._ZN9ClearCore21DigitalInOutAnalogOut13DacInitializeEv
                0x0000e5c8      0x100 C:\Users\zx100\Documents\GitHub\fillhead\lib\libClearCore\Debug\libClearCore.a(DigitalInOutAnalogOut.o)
                0x0000e5c8                ClearCore::DigitalInOutAnalogOut::DacInitialize()
 .text._ZN9ClearCore21DigitalInOutAnalogOut9DacEnableEv
                0x0000e6c8       0xc8 C:\Users\zx100\Documents\GitHub\fillhead\lib\libClearCore\Debug\libClearCore.a(DigitalInOutAnalogOut.o)
                0x0000e6c8                ClearCore::DigitalInOutAnalogOut::DacEnable()
 .text._ZN9ClearCore21DigitalInOutAnalogOut7RefreshEv
                0x0000e790       0x18 C:\Users\zx100\Documents\GitHub\fillhead\lib\libClearCore\Debug\libClearCore.a(DigitalInOutAnalogOut.o)
                0x0000e790                ClearCore::DigitalInOutAnalogOut::Refresh()
 .text._ZN9ClearCore21DigitalInOutAnalogOut4ModeENS_9Connector14ConnectorModesE
                0x0000e7a8       0xf8 C:\Users\zx100\Documents\GitHub\fillhead\lib\libClearCore\Debug\libClearCore.a(DigitalInOutAnalogOut.o)
                0x0000e7a8                ClearCore::DigitalInOutAnalogOut::Mode(ClearCore::Connector::ConnectorModes)
 .text._ZN9ClearCore21DigitalInOutAnalogOut5StateEv
                0x0000e8a0       0x1c C:\Users\zx100\Documents\GitHub\fillhead\lib\libClearCore\Debug\libClearCore.a(DigitalInOutAnalogOut.o)
                0x0000e8a0                ClearCore::DigitalInOutAnalogOut::State()
 .text._ZN9ClearCore21DigitalInOutAnalogOut5StateEs
                0x0000e8bc       0x9c C:\Users\zx100\Documents\GitHub\fillhead\lib\libClearCore\Debug\libClearCore.a(DigitalInOutAnalogOut.o)
                0x0000e8bc                ClearCore::DigitalInOutAnalogOut::State(short)
 .text._ZN9ClearCore21DigitalInOutAnalogOut10InitializeE13ClearCorePins
                0x0000e958       0xa0 C:\Users\zx100\Documents\GitHub\fillhead\lib\libClearCore\Debug\libClearCore.a(DigitalInOutAnalogOut.o)
                0x0000e958                ClearCore::DigitalInOutAnalogOut::Initialize(ClearCorePins)
 .text._ZN9ClearCore9DigitalIn11IsInHwFaultEv
                0x0000e9f8        0x4 C:\Users\zx100\Documents\GitHub\fillhead\lib\libClearCore\Debug\libClearCore.a(DigitalInAnalogIn.o)
                0x0000e9f8                ClearCore::DigitalIn::IsInHwFault()
 .text._ZN9ClearCore17DigitalInAnalogIn4ModeEv
                0x0000e9fc        0x4 C:\Users\zx100\Documents\GitHub\fillhead\lib\libClearCore\Debug\libClearCore.a(DigitalInAnalogIn.o)
                0x0000e9fc                ClearCore::DigitalInAnalogIn::Mode()
 .text._ZN9ClearCore17DigitalInAnalogIn4TypeEv
                0x0000ea00        0x4 C:\Users\zx100\Documents\GitHub\fillhead\lib\libClearCore\Debug\libClearCore.a(DigitalInAnalogIn.o)
                0x0000ea00                ClearCore::DigitalInAnalogIn::Type()
 .text._ZN9ClearCore17DigitalInAnalogIn10IsWritableEv
                0x0000ea04        0x4 C:\Users\zx100\Documents\GitHub\fillhead\lib\libClearCore\Debug\libClearCore.a(DigitalInAnalogIn.o)
                0x0000ea04                ClearCore::DigitalInAnalogIn::IsWritable()
 .text._ZN9ClearCore17DigitalInAnalogIn5StateEs
                0x0000ea08        0x4 C:\Users\zx100\Documents\GitHub\fillhead\lib\libClearCore\Debug\libClearCore.a(DigitalInAnalogIn.o)
                0x0000ea08                ClearCore::DigitalInAnalogIn::State(short)
 .text._ZN9ClearCore17DigitalInAnalogIn4ModeENS_9Connector14ConnectorModesE
                0x0000ea0c       0xfc C:\Users\zx100\Documents\GitHub\fillhead\lib\libClearCore\Debug\libClearCore.a(DigitalInAnalogIn.o)
                0x0000ea0c                ClearCore::DigitalInAnalogIn::Mode(ClearCore::Connector::ConnectorModes)
 .text._ZN9ClearCore17DigitalInAnalogInC2ENS_13ShiftRegister5MasksES2_PK15PeripheralRouteNS_10AdcManager11AdcChannelsE
                0x0000eb08       0x2c C:\Users\zx100\Documents\GitHub\fillhead\lib\libClearCore\Debug\libClearCore.a(DigitalInAnalogIn.o)
                0x0000eb08                ClearCore::DigitalInAnalogIn::DigitalInAnalogIn(ClearCore::ShiftRegister::Masks, ClearCore::ShiftRegister::Masks, PeripheralRoute const*, ClearCore::AdcManager::AdcChannels)
                0x0000eb08                ClearCore::DigitalInAnalogIn::DigitalInAnalogIn(ClearCore::ShiftRegister::Masks, ClearCore::ShiftRegister::Masks, PeripheralRoute const*, ClearCore::AdcManager::AdcChannels)
 .text._ZN9ClearCore17DigitalInAnalogIn7RefreshEv
                0x0000eb34       0x78 C:\Users\zx100\Documents\GitHub\fillhead\lib\libClearCore\Debug\libClearCore.a(DigitalInAnalogIn.o)
                0x0000eb34                ClearCore::DigitalInAnalogIn::Refresh()
 .text._ZN9ClearCore17DigitalInAnalogIn10InitializeE13ClearCorePins
                0x0000ebac       0xb4 C:\Users\zx100\Documents\GitHub\fillhead\lib\libClearCore\Debug\libClearCore.a(DigitalInAnalogIn.o)
                0x0000ebac                ClearCore::DigitalInAnalogIn::Initialize(ClearCorePins)
 .text._ZN9ClearCore17DigitalInAnalogIn5StateEv
                0x0000ec60       0x48 C:\Users\zx100\Documents\GitHub\fillhead\lib\libClearCore\Debug\libClearCore.a(DigitalInAnalogIn.o)
                0x0000ec60                ClearCore::DigitalInAnalogIn::State()
 .text._ZN9ClearCore12DigitalInOut4ModeEv
                0x0000eca8        0x4 C:\Users\zx100\Documents\GitHub\fillhead\lib\libClearCore\Debug\libClearCore.a(DigitalInOut.o)
                0x0000eca8                ClearCore::DigitalInOut::Mode()
 .text._ZN9ClearCore12DigitalInOut4TypeEv
                0x0000ecac        0x4 C:\Users\zx100\Documents\GitHub\fillhead\lib\libClearCore\Debug\libClearCore.a(DigitalInOut.o)
                0x0000ecac                ClearCore::DigitalInOut::Type()
 .text._ZN9ClearCore12DigitalInOut10IsWritableEv
                0x0000ecb0       0x14 C:\Users\zx100\Documents\GitHub\fillhead\lib\libClearCore\Debug\libClearCore.a(DigitalInOut.o)
                0x0000ecb0                ClearCore::DigitalInOut::IsWritable()
 .text._ZN9ClearCore12DigitalInOut5StateEs
                0x0000ecc4       0xb8 C:\Users\zx100\Documents\GitHub\fillhead\lib\libClearCore\Debug\libClearCore.a(DigitalInOut.o)
                0x0000ecc4                ClearCore::DigitalInOut::State(short)
 .text._ZN9ClearCore12DigitalInOut4ModeENS_9Connector14ConnectorModesE
                0x0000ed7c      0x224 C:\Users\zx100\Documents\GitHub\fillhead\lib\libClearCore\Debug\libClearCore.a(DigitalInOut.o)
                0x0000ed7c                ClearCore::DigitalInOut::Mode(ClearCore::Connector::ConnectorModes)
 .text._ZN9ClearCore12DigitalInOutC2ENS_13ShiftRegister5MasksEPK15PeripheralRouteS5_b
                0x0000efa0       0x6c C:\Users\zx100\Documents\GitHub\fillhead\lib\libClearCore\Debug\libClearCore.a(DigitalInOut.o)
                0x0000efa0                ClearCore::DigitalInOut::DigitalInOut(ClearCore::ShiftRegister::Masks, PeripheralRoute const*, PeripheralRoute const*, bool)
                0x0000efa0                ClearCore::DigitalInOut::DigitalInOut(ClearCore::ShiftRegister::Masks, PeripheralRoute const*, PeripheralRoute const*, bool)
 .text._ZN9ClearCore12DigitalInOut7RefreshEv
                0x0000f00c      0x20c C:\Users\zx100\Documents\GitHub\fillhead\lib\libClearCore\Debug\libClearCore.a(DigitalInOut.o)
                0x0000f00c                ClearCore::DigitalInOut::Refresh()
 .text._ZN9ClearCore12DigitalInOut5StateEv
                0x0000f218       0x40 C:\Users\zx100\Documents\GitHub\fillhead\lib\libClearCore\Debug\libClearCore.a(DigitalInOut.o)
                0x0000f218                ClearCore::DigitalInOut::State()
 .text._ZN9ClearCore12DigitalInOut10InitializeE13ClearCorePins
                0x0000f258       0x74 C:\Users\zx100\Documents\GitHub\fillhead\lib\libClearCore\Debug\libClearCore.a(DigitalInOut.o)
                0x0000f258                ClearCore::DigitalInOut::Initialize(ClearCorePins)
 .text._ZN9ClearCore9Connector4ModeEv
                0x0000f2cc        0x4 C:\Users\zx100\Documents\GitHub\fillhead\lib\libClearCore\Debug\libClearCore.a(DigitalIn.o)
                0x0000f2cc                ClearCore::Connector::Mode()
 .text._ZN9ClearCore9Connector17ExternalInterruptEv
                0x0000f2d0        0x8 C:\Users\zx100\Documents\GitHub\fillhead\lib\libClearCore\Debug\libClearCore.a(DigitalIn.o)
                0x0000f2d0                ClearCore::Connector::ExternalInterrupt()
 .text._ZN9ClearCore9DigitalIn4ModeEv
                0x0000f2d8        0x4 C:\Users\zx100\Documents\GitHub\fillhead\lib\libClearCore\Debug\libClearCore.a(DigitalIn.o)
                0x0000f2d8                ClearCore::DigitalIn::Mode()
 .text._ZN9ClearCore9DigitalIn4ModeENS_9Connector14ConnectorModesE
                0x0000f2dc        0xc C:\Users\zx100\Documents\GitHub\fillhead\lib\libClearCore\Debug\libClearCore.a(DigitalIn.o)
                0x0000f2dc                ClearCore::DigitalIn::Mode(ClearCore::Connector::ConnectorModes)
 .text._ZN9ClearCore9DigitalIn4TypeEv
                0x0000f2e8        0x4 C:\Users\zx100\Documents\GitHub\fillhead\lib\libClearCore\Debug\libClearCore.a(DigitalIn.o)
                0x0000f2e8                ClearCore::DigitalIn::Type()
 .text._ZN9ClearCore9DigitalIn10IsWritableEv
                0x0000f2ec        0x4 C:\Users\zx100\Documents\GitHub\fillhead\lib\libClearCore\Debug\libClearCore.a(DigitalIn.o)
                0x0000f2ec                ClearCore::DigitalIn::IsWritable()
 .text._ZN9ClearCore9DigitalIn5StateEs
                0x0000f2f0        0x4 C:\Users\zx100\Documents\GitHub\fillhead\lib\libClearCore\Debug\libClearCore.a(DigitalIn.o)
                0x0000f2f0                ClearCore::DigitalIn::State(short)
 .text._ZN9ClearCore9DigitalIn5StateEv
                0x0000f2f4       0x28 C:\Users\zx100\Documents\GitHub\fillhead\lib\libClearCore\Debug\libClearCore.a(DigitalIn.o)
                0x0000f2f4                ClearCore::DigitalIn::State()
 .text._ZN9ClearCore9DigitalIn10InitializeE13ClearCorePins
                0x0000f31c       0xcc C:\Users\zx100\Documents\GitHub\fillhead\lib\libClearCore\Debug\libClearCore.a(DigitalIn.o)
                0x0000f31c                ClearCore::DigitalIn::Initialize(ClearCorePins)
 .text._ZN9ClearCore9DigitalIn7RefreshEv
                0x0000f3e8      0x14c C:\Users\zx100\Documents\GitHub\fillhead\lib\libClearCore\Debug\libClearCore.a(DigitalIn.o)
                0x0000f3e8                ClearCore::DigitalIn::Refresh()
 .text._ZN9ClearCore9ConnectorC2Ev
                0x0000f534       0x14 C:\Users\zx100\Documents\GitHub\fillhead\lib\libClearCore\Debug\libClearCore.a(DigitalIn.o)
                0x0000f534                ClearCore::Connector::Connector()
                0x0000f534                ClearCore::Connector::Connector()
 .text._ZN9ClearCore9DigitalInC2ENS_13ShiftRegister5MasksEPK15PeripheralRoute
                0x0000f548       0x48 C:\Users\zx100\Documents\GitHub\fillhead\lib\libClearCore\Debug\libClearCore.a(DigitalIn.o)
                0x0000f548                ClearCore::DigitalIn::DigitalIn(ClearCore::ShiftRegister::Masks, PeripheralRoute const*)
                0x0000f548                ClearCore::DigitalIn::DigitalIn(ClearCore::ShiftRegister::Masks, PeripheralRoute const*)
 .text._ZN9ClearCore9DigitalIn7StateRTEv
                0x0000f590       0x1c C:\Users\zx100\Documents\GitHub\fillhead\lib\libClearCore\Debug\libClearCore.a(DigitalIn.o)
                0x0000f590                ClearCore::DigitalIn::StateRT()
 .text._ZN9ClearCore9DigitalIn17UpdateFilterStateEv
                0x0000f5ac       0x9c C:\Users\zx100\Documents\GitHub\fillhead\lib\libClearCore\Debug\libClearCore.a(DigitalIn.o)
                0x0000f5ac                ClearCore::DigitalIn::UpdateFilterState()
 .text._ZN9ClearCore19DigitalInOutHBridge4ModeEv
                0x0000f648        0x4 C:\Users\zx100\Documents\GitHub\fillhead\lib\libClearCore\Debug\libClearCore.a(DigitalInOutHBridge.o)
                0x0000f648                ClearCore::DigitalInOutHBridge::Mode()
 .text._ZN9ClearCore19DigitalInOutHBridge4TypeEv
                0x0000f64c        0x4 C:\Users\zx100\Documents\GitHub\fillhead\lib\libClearCore\Debug\libClearCore.a(DigitalInOutHBridge.o)
                0x0000f64c                ClearCore::DigitalInOutHBridge::Type()
 .text._ZN9ClearCore19DigitalInOutHBridge10IsWritableEv
                0x0000f650       0x10 C:\Users\zx100\Documents\GitHub\fillhead\lib\libClearCore\Debug\libClearCore.a(DigitalInOutHBridge.o)
                0x0000f650                ClearCore::DigitalInOutHBridge::IsWritable()
 .text._ZN9ClearCore19DigitalInOutHBridgeC2ENS_13ShiftRegister5MasksEPK15PeripheralRouteS5_S5_S5_4IRQnb
                0x0000f660       0x60 C:\Users\zx100\Documents\GitHub\fillhead\lib\libClearCore\Debug\libClearCore.a(DigitalInOutHBridge.o)
                0x0000f660                ClearCore::DigitalInOutHBridge::DigitalInOutHBridge(ClearCore::ShiftRegister::Masks, PeripheralRoute const*, PeripheralRoute const*, PeripheralRoute const*, PeripheralRoute const*, IRQn, bool)
                0x0000f660                ClearCore::DigitalInOutHBridge::DigitalInOutHBridge(ClearCore::ShiftRegister::Masks, PeripheralRoute const*, PeripheralRoute const*, PeripheralRoute const*, PeripheralRoute const*, IRQn, bool)
 .text._ZN9ClearCore19DigitalInOutHBridge10FaultStateEb
                0x0000f6c0       0x54 C:\Users\zx100\Documents\GitHub\fillhead\lib\libClearCore\Debug\libClearCore.a(DigitalInOutHBridge.o)
                0x0000f6c0                ClearCore::DigitalInOutHBridge::FaultState(bool)
 .text._ZN9ClearCore19DigitalInOutHBridge5StateEv
                0x0000f714       0x3c C:\Users\zx100\Documents\GitHub\fillhead\lib\libClearCore\Debug\libClearCore.a(DigitalInOutHBridge.o)
                0x0000f714                ClearCore::DigitalInOutHBridge::State()
 .text._ZN9ClearCore19DigitalInOutHBridge5StateEs
                0x0000f750       0x70 C:\Users\zx100\Documents\GitHub\fillhead\lib\libClearCore\Debug\libClearCore.a(DigitalInOutHBridge.o)
                0x0000f750                ClearCore::DigitalInOutHBridge::State(short)
 .text._ZN9ClearCore19DigitalInOutHBridge10ToneUpdateEv
                0x0000f7c0      0x144 C:\Users\zx100\Documents\GitHub\fillhead\lib\libClearCore\Debug\libClearCore.a(DigitalInOutHBridge.o)
                0x0000f7c0                ClearCore::DigitalInOutHBridge::ToneUpdate()
 .text._ZN9ClearCore19DigitalInOutHBridge7RefreshEv
                0x0000f904      0x114 C:\Users\zx100\Documents\GitHub\fillhead\lib\libClearCore\Debug\libClearCore.a(DigitalInOutHBridge.o)
                0x0000f904                ClearCore::DigitalInOutHBridge::Refresh()
 .text._ZN9ClearCore19DigitalInOutHBridge10InitializeE13ClearCorePins
                0x0000fa18       0xc8 C:\Users\zx100\Documents\GitHub\fillhead\lib\libClearCore\Debug\libClearCore.a(DigitalInOutHBridge.o)
                0x0000fa18                ClearCore::DigitalInOutHBridge::Initialize(ClearCorePins)
 .text._ZN9ClearCore19DigitalInOutHBridge4ModeENS_9Connector14ConnectorModesE
                0x0000fae0      0x1a4 C:\Users\zx100\Documents\GitHub\fillhead\lib\libClearCore\Debug\libClearCore.a(DigitalInOutHBridge.o)
                0x0000fae0                ClearCore::DigitalInOutHBridge::Mode(ClearCore::Connector::ConnectorModes)
 .text._ZN9ClearCore10UdpReceiveEPvP7udp_pcbP4pbufPK8ip4_addrt
                0x0000fc84       0x34 C:\Users\zx100\Documents\GitHub\fillhead\lib\libClearCore\Debug\libClearCore.a(EthernetUdp.o)
                0x0000fc84                ClearCore::UdpReceive(void*, udp_pcb*, pbuf*, ip4_addr const*, unsigned short)
 .text._ZN9ClearCore11EthernetUdpC2Ev
                0x0000fcb8       0x24 C:\Users\zx100\Documents\GitHub\fillhead\lib\libClearCore\Debug\libClearCore.a(EthernetUdp.o)
                0x0000fcb8                ClearCore::EthernetUdp::EthernetUdp()
                0x0000fcb8                ClearCore::EthernetUdp::EthernetUdp()
 .text._ZN9ClearCore11EthernetUdp5BeginEt
                0x0000fcdc       0x54 C:\Users\zx100\Documents\GitHub\fillhead\lib\libClearCore\Debug\libClearCore.a(EthernetUdp.o)
                0x0000fcdc                ClearCore::EthernetUdp::Begin(unsigned short)
 .text._ZN9ClearCore11EthernetUdp7ConnectENS_9IpAddressEt
                0x0000fd30       0x30 C:\Users\zx100\Documents\GitHub\fillhead\lib\libClearCore\Debug\libClearCore.a(EthernetUdp.o)
                0x0000fd30                ClearCore::EthernetUdp::Connect(ClearCore::IpAddress, unsigned short)
 .text._ZN9ClearCore11EthernetUdp10PacketSendEv
                0x0000fd60       0x5c C:\Users\zx100\Documents\GitHub\fillhead\lib\libClearCore\Debug\libClearCore.a(EthernetUdp.o)
                0x0000fd60                ClearCore::EthernetUdp::PacketSend()
 .text._ZN9ClearCore11EthernetUdp11PacketWriteEPKc
                0x0000fdbc       0xec C:\Users\zx100\Documents\GitHub\fillhead\lib\libClearCore\Debug\libClearCore.a(EthernetUdp.o)
                0x0000fdbc                ClearCore::EthernetUdp::PacketWrite(char const*)
 .text._ZN9ClearCore11EthernetUdp11PacketParseEv
                0x0000fea8       0x64 C:\Users\zx100\Documents\GitHub\fillhead\lib\libClearCore\Debug\libClearCore.a(EthernetUdp.o)
                0x0000fea8                ClearCore::EthernetUdp::PacketParse()
 .text._ZN9ClearCore11EthernetUdp10PacketReadEPht
                0x0000ff0c       0xe8 C:\Users\zx100\Documents\GitHub\fillhead\lib\libClearCore\Debug\libClearCore.a(EthernetUdp.o)
                0x0000ff0c                ClearCore::EthernetUdp::PacketRead(unsigned char*, unsigned short)
 .text._ZN9ClearCore11EthernetUdp8RemoteIpEv
                0x0000fff4        0x4 C:\Users\zx100\Documents\GitHub\fillhead\lib\libClearCore\Debug\libClearCore.a(EthernetUdp.o)
                0x0000fff4                ClearCore::EthernetUdp::RemoteIp()
 .text._ZN9ClearCore11EthernetUdp10RemotePortEv
                0x0000fff8        0x4 C:\Users\zx100\Documents\GitHub\fillhead\lib\libClearCore\Debug\libClearCore.a(EthernetUdp.o)
                0x0000fff8                ClearCore::EthernetUdp::RemotePort()
 .text._ZN9ClearCore12InputManager8InstanceEv
                0x0000fffc       0x5c C:\Users\zx100\Documents\GitHub\fillhead\lib\libClearCore\Debug\libClearCore.a(InputManager.o)
                0x0000fffc                ClearCore::InputManager::Instance()
 .text._ZN9ClearCore12InputManager10InitializeEv
                0x00010058       0x18 C:\Users\zx100\Documents\GitHub\fillhead\lib\libClearCore\Debug\libClearCore.a(InputManager.o)
                0x00010058                ClearCore::InputManager::Initialize()
 .text._ZN9ClearCore12InputManager15InterruptEnableEabb
                0x00010070       0x78 C:\Users\zx100\Documents\GitHub\fillhead\lib\libClearCore\Debug\libClearCore.a(InputManager.o)
                0x00010070                ClearCore::InputManager::InterruptEnable(signed char, bool, bool)
 .text._ZN9ClearCore12InputManager11EIC_HandlerEh
                0x000100e8       0x5c C:\Users\zx100\Documents\GitHub\fillhead\lib\libClearCore\Debug\libClearCore.a(InputManager.o)
                0x000100e8                ClearCore::InputManager::EIC_Handler(unsigned char)
 .text._ZN9ClearCore12InputManager11UpdateBeginEv
                0x00010144       0x28 C:\Users\zx100\Documents\GitHub\fillhead\lib\libClearCore\Debug\libClearCore.a(InputManager.o)
                0x00010144                ClearCore::InputManager::UpdateBegin()
 .text._ZN9ClearCore12InputManager9UpdateEndEv
                0x0001016c       0x54 C:\Users\zx100\Documents\GitHub\fillhead\lib\libClearCore\Debug\libClearCore.a(InputManager.o)
                0x0001016c                ClearCore::InputManager::UpdateEnd()
 .text.startup._GLOBAL__sub_I__ZN9ClearCore8InputMgrE
                0x000101c0       0x10 C:\Users\zx100\Documents\GitHub\fillhead\lib\libClearCore\Debug\libClearCore.a(InputManager.o)
 .text._ZN9ClearCore11MotorDriver4TypeEv
                0x000101d0        0x4 C:\Users\zx100\Documents\GitHub\fillhead\lib\libClearCore\Debug\libClearCore.a(MotorDriver.o)
                0x000101d0                ClearCore::MotorDriver::Type()
 .text._ZN9ClearCore11MotorDriver10IsWritableEv
                0x000101d4        0x4 C:\Users\zx100\Documents\GitHub\fillhead\lib\libClearCore\Debug\libClearCore.a(MotorDriver.o)
                0x000101d4                ClearCore::MotorDriver::IsWritable()
 .text._ZN9ClearCore11MotorDriver11IsInHwFaultEv
                0x000101d8        0x8 C:\Users\zx100\Documents\GitHub\fillhead\lib\libClearCore\Debug\libClearCore.a(MotorDriver.o)
                0x000101d8                ClearCore::MotorDriver::IsInHwFault()
 .text._ZN9ClearCore11MotorDriver4ModeEv
                0x000101e0        0x4 C:\Users\zx100\Documents\GitHub\fillhead\lib\libClearCore\Debug\libClearCore.a(MotorDriver.o)
                0x000101e0                ClearCore::MotorDriver::Mode()
 .text._ZN9ClearCore11MotorDriver4ModeENS_9Connector14ConnectorModesE
                0x000101e4      0x164 C:\Users\zx100\Documents\GitHub\fillhead\lib\libClearCore\Debug\libClearCore.a(MotorDriver.o)
                0x000101e4                ClearCore::MotorDriver::Mode(ClearCore::Connector::ConnectorModes)
 .text._ZN9ClearCore11MotorDriver15OutputDirectionEv
                0x00010348       0x58 C:\Users\zx100\Documents\GitHub\fillhead\lib\libClearCore\Debug\libClearCore.a(MotorDriver.o)
                0x00010348                ClearCore::MotorDriver::OutputDirection()
                0x00010398                non-virtual thunk to ClearCore::MotorDriver::OutputDirection()
 .text._ZN9ClearCore11MotorDriverC2ENS_13ShiftRegister5MasksEPK15PeripheralRouteS5_S5_tt
                0x000103a0      0x1a8 C:\Users\zx100\Documents\GitHub\fillhead\lib\libClearCore\Debug\libClearCore.a(MotorDriver.o)
                0x000103a0                ClearCore::MotorDriver::MotorDriver(ClearCore::ShiftRegister::Masks, PeripheralRoute const*, PeripheralRoute const*, PeripheralRoute const*, unsigned short, unsigned short)
                0x000103a0                ClearCore::MotorDriver::MotorDriver(ClearCore::ShiftRegister::Masks, PeripheralRoute const*, PeripheralRoute const*, PeripheralRoute const*, unsigned short, unsigned short)
 .text._ZN9ClearCore11MotorDriver13EnableRequestEb
                0x00010548      0x124 C:\Users\zx100\Documents\GitHub\fillhead\lib\libClearCore\Debug\libClearCore.a(MotorDriver.o)
                0x00010548                ClearCore::MotorDriver::EnableRequest(bool)
 .text._ZN9ClearCore11MotorDriver25PolarityInvertSDDirectionEb
                0x0001066c       0x1c C:\Users\zx100\Documents\GitHub\fillhead\lib\libClearCore\Debug\libClearCore.a(MotorDriver.o)
                0x0001066c                ClearCore::MotorDriver::PolarityInvertSDDirection(bool)
 .text._ZN9ClearCore11MotorDriver11RefreshSlowEv
                0x00010688       0xe8 C:\Users\zx100\Documents\GitHub\fillhead\lib\libClearCore\Debug\libClearCore.a(MotorDriver.o)
                0x00010688                ClearCore::MotorDriver::RefreshSlow()
 .text._ZN9ClearCore11MotorDriver10FaultStateEb
                0x00010770       0xf8 C:\Users\zx100\Documents\GitHub\fillhead\lib\libClearCore\Debug\libClearCore.a(MotorDriver.o)
                0x00010770                ClearCore::MotorDriver::FaultState(bool)
 .text._ZN9ClearCore11MotorDriver7RefreshEv
                0x00010868      0x65c C:\Users\zx100\Documents\GitHub\fillhead\lib\libClearCore\Debug\libClearCore.a(MotorDriver.o)
                0x00010868                ClearCore::MotorDriver::Refresh()
 .text._ZN9ClearCore11MotorDriver4MoveElNS_13StepGenerator10MoveTargetE
                0x00010ec4       0xf0 C:\Users\zx100\Documents\GitHub\fillhead\lib\libClearCore\Debug\libClearCore.a(MotorDriver.o)
                0x00010ec4                ClearCore::MotorDriver::Move(long, ClearCore::StepGenerator::MoveTarget)
 .text._ZThn48_N9ClearCore11MotorDriver4MoveElNS_13StepGenerator10MoveTargetE
                0x00010fb4        0x8 C:\Users\zx100\Documents\GitHub\fillhead\lib\libClearCore\Debug\libClearCore.a(MotorDriver.o)
                0x00010fb4                non-virtual thunk to ClearCore::MotorDriver::Move(long, ClearCore::StepGenerator::MoveTarget)
 .text._ZN9ClearCore11MotorDriver12MoveVelocityEl
                0x00010fbc       0xd8 C:\Users\zx100\Documents\GitHub\fillhead\lib\libClearCore\Debug\libClearCore.a(MotorDriver.o)
                0x00010fbc                ClearCore::MotorDriver::MoveVelocity(long)
 .text._ZThn48_N9ClearCore11MotorDriver12MoveVelocityEl
                0x00011094        0x8 C:\Users\zx100\Documents\GitHub\fillhead\lib\libClearCore\Debug\libClearCore.a(MotorDriver.o)
                0x00011094                non-virtual thunk to ClearCore::MotorDriver::MoveVelocity(long)
 .text._ZN9ClearCore11MotorDriver10InitializeE13ClearCorePins
                0x0001109c      0x314 C:\Users\zx100\Documents\GitHub\fillhead\lib\libClearCore\Debug\libClearCore.a(MotorDriver.o)
                0x0001109c                ClearCore::MotorDriver::Initialize(ClearCorePins)
 .text._ZN9ClearCore10SerialBase5SpeedEv
                0x000113b0        0x4 C:\Users\zx100\Documents\GitHub\fillhead\lib\libClearCore\Debug\libClearCore.a(SerialBase.o)
                0x000113b0                ClearCore::SerialBase::Speed()
 .text._ZN9ClearCore10SerialBase6ParityEv
                0x000113b4        0x4 C:\Users\zx100\Documents\GitHub\fillhead\lib\libClearCore\Debug\libClearCore.a(SerialBase.o)
                0x000113b4                ClearCore::SerialBase::Parity()
 .text._ZN9ClearCore10SerialBasecvbEv
                0x000113b8        0x4 C:\Users\zx100\Documents\GitHub\fillhead\lib\libClearCore\Debug\libClearCore.a(SerialBase.o)
                0x000113b8                ClearCore::SerialBase::operator bool()
 .text._ZN9ClearCore10SerialBase10PortIsOpenEv
                0x000113bc        0x8 C:\Users\zx100\Documents\GitHub\fillhead\lib\libClearCore\Debug\libClearCore.a(SerialBase.o)
                0x000113bc                ClearCore::SerialBase::PortIsOpen()
 .text._ZN9ClearCore10SerialBase5FlushEv
                0x000113c4       0x10 C:\Users\zx100\Documents\GitHub\fillhead\lib\libClearCore\Debug\libClearCore.a(SerialBase.o)
                0x000113c4                ClearCore::SerialBase::Flush()
 .text._ZN9ClearCore10SerialBase10FlushInputEv
                0x000113d4       0x14 C:\Users\zx100\Documents\GitHub\fillhead\lib\libClearCore\Debug\libClearCore.a(SerialBase.o)
                0x000113d4                ClearCore::SerialBase::FlushInput()
 .text._ZN9ClearCore10SerialBase7CharGetEv
                0x000113e8       0x38 C:\Users\zx100\Documents\GitHub\fillhead\lib\libClearCore\Debug\libClearCore.a(SerialBase.o)
                0x000113e8                ClearCore::SerialBase::CharGet()
 .text._ZN9ClearCore10SerialBase8CharPeekEv
                0x00011420       0x1c C:\Users\zx100\Documents\GitHub\fillhead\lib\libClearCore\Debug\libClearCore.a(SerialBase.o)
                0x00011420                ClearCore::SerialBase::CharPeek()
 .text._ZN9ClearCore10SerialBase16AvailableForReadEv
                0x0001143c       0x10 C:\Users\zx100\Documents\GitHub\fillhead\lib\libClearCore\Debug\libClearCore.a(SerialBase.o)
                0x0001143c                ClearCore::SerialBase::AvailableForRead()
 .text._ZN9ClearCore10SerialBase17AvailableForWriteEv
                0x0001144c       0x14 C:\Users\zx100\Documents\GitHub\fillhead\lib\libClearCore\Debug\libClearCore.a(SerialBase.o)
                0x0001144c                ClearCore::SerialBase::AvailableForWrite()
 .text._ZN9ClearCore10SerialBase8SendCharEh
                0x00011460       0x40 C:\Users\zx100\Documents\GitHub\fillhead\lib\libClearCore\Debug\libClearCore.a(SerialBase.o)
                0x00011460                ClearCore::SerialBase::SendChar(unsigned char)
 .text._ZN9ClearCore10SerialBase19WaitForTransmitIdleEv
                0x000114a0       0x58 C:\Users\zx100\Documents\GitHub\fillhead\lib\libClearCore\Debug\libClearCore.a(SerialBase.o)
                0x000114a0                ClearCore::SerialBase::WaitForTransmitIdle()
 .text._ZN9ClearCore10SerialBase5SpeedEm
                0x000114f8      0x154 C:\Users\zx100\Documents\GitHub\fillhead\lib\libClearCore\Debug\libClearCore.a(SerialBase.o)
                0x000114f8                ClearCore::SerialBase::Speed(unsigned long)
 .text._ZN9ClearCore10SerialBase9PortCloseEv
                0x0001164c      0x118 C:\Users\zx100\Documents\GitHub\fillhead\lib\libClearCore\Debug\libClearCore.a(SerialBase.o)
                0x0001164c                ClearCore::SerialBase::PortClose()
 .text._ZN9ClearCore10SerialBase6ParityENS_7ISerial9_ParitiesE
                0x00011764       0xf0 C:\Users\zx100\Documents\GitHub\fillhead\lib\libClearCore\Debug\libClearCore.a(SerialBase.o)
                0x00011764                ClearCore::SerialBase::Parity(ClearCore::ISerial::_Parities)
 .text._ZN9ClearCore10SerialBase8CharSizeEh
                0x00011854       0xe4 C:\Users\zx100\Documents\GitHub\fillhead\lib\libClearCore\Debug\libClearCore.a(SerialBase.o)
                0x00011854                ClearCore::SerialBase::CharSize(unsigned char)
 .text._ZN9ClearCore10SerialBase8StopBitsEh
                0x00011938       0xdc C:\Users\zx100\Documents\GitHub\fillhead\lib\libClearCore\Debug\libClearCore.a(SerialBase.o)
                0x00011938                ClearCore::SerialBase::StopBits(unsigned char)
 .text._ZN9ClearCore10SerialBase8PortModeENS0_9PortModesE.part.9
                0x00011a14      0x8dc C:\Users\zx100\Documents\GitHub\fillhead\lib\libClearCore\Debug\libClearCore.a(SerialBase.o)
 .text._ZN9ClearCore10SerialBase8PortOpenEv
                0x000122f0       0x18 C:\Users\zx100\Documents\GitHub\fillhead\lib\libClearCore\Debug\libClearCore.a(SerialBase.o)
                0x000122f0                ClearCore::SerialBase::PortOpen()
 .text._ZN9ClearCore10SerialBaseC2EPK15PeripheralRouteS3_S3_S3_h
                0x00012308       0x98 C:\Users\zx100\Documents\GitHub\fillhead\lib\libClearCore\Debug\libClearCore.a(SerialBase.o)
                0x00012308                ClearCore::SerialBase::SerialBase(PeripheralRoute const*, PeripheralRoute const*, PeripheralRoute const*, PeripheralRoute const*, unsigned char)
                0x00012308                ClearCore::SerialBase::SerialBase(PeripheralRoute const*, PeripheralRoute const*, PeripheralRoute const*, PeripheralRoute const*, unsigned char)
 .text._ZN9ClearCore10SerialBase15WaitOneCharTimeEv
                0x000123a0       0x24 C:\Users\zx100\Documents\GitHub\fillhead\lib\libClearCore\Debug\libClearCore.a(SerialBase.o)
                0x000123a0                ClearCore::SerialBase::WaitOneCharTime()
 .text._ZN9ClearCore10SerialBase8PortModeENS0_9PortModesE
                0x000123c4       0x18 C:\Users\zx100\Documents\GitHub\fillhead\lib\libClearCore\Debug\libClearCore.a(SerialBase.o)
                0x000123c4                ClearCore::SerialBase::PortMode(ClearCore::SerialBase::PortModes)
 .text._ZN9ClearCore10SerialBase9SpiSsModeENS0_13CtrlLineModesE
                0x000123dc       0x74 C:\Users\zx100\Documents\GitHub\fillhead\lib\libClearCore\Debug\libClearCore.a(SerialBase.o)
                0x000123dc                ClearCore::SerialBase::SpiSsMode(ClearCore::SerialBase::CtrlLineModes)
 .text._ZN9ClearCore10SerialBase8SpiClockENS0_18SpiClockPolaritiesENS0_14SpiClockPhasesE
                0x00012450       0xe0 C:\Users\zx100\Documents\GitHub\fillhead\lib\libClearCore\Debug\libClearCore.a(SerialBase.o)
                0x00012450                ClearCore::SerialBase::SpiClock(ClearCore::SerialBase::SpiClockPolarities, ClearCore::SerialBase::SpiClockPhases)
 .text._ZN9ClearCore10SerialBase15SpiTransferDataEPKhPhl
                0x00012530       0x60 C:\Users\zx100\Documents\GitHub\fillhead\lib\libClearCore\Debug\libClearCore.a(SerialBase.o)
                0x00012530                ClearCore::SerialBase::SpiTransferData(unsigned char const*, unsigned char*, long)
 .text._ZN9ClearCore10SerialBase20SpiTransferDataAsyncEPKhPhl
                0x00012590       0xa4 C:\Users\zx100\Documents\GitHub\fillhead\lib\libClearCore\Debug\libClearCore.a(SerialBase.o)
                0x00012590                ClearCore::SerialBase::SpiTransferDataAsync(unsigned char const*, unsigned char*, long)
 .text._ZN9ClearCore10SerialBase20SpiAsyncWaitCompleteEv
                0x00012634       0x3c C:\Users\zx100\Documents\GitHub\fillhead\lib\libClearCore\Debug\libClearCore.a(SerialBase.o)
                0x00012634                ClearCore::SerialBase::SpiAsyncWaitComplete()
 .text._ZN9ClearCore10SerialBase12IrqHandlerTxEv
                0x00012670       0x50 C:\Users\zx100\Documents\GitHub\fillhead\lib\libClearCore\Debug\libClearCore.a(SerialBase.o)
                0x00012670                ClearCore::SerialBase::IrqHandlerTx()
 .text._ZN9ClearCore10SerialBase12IrqHandlerRxEv
                0x000126c0       0x78 C:\Users\zx100\Documents\GitHub\fillhead\lib\libClearCore\Debug\libClearCore.a(SerialBase.o)
                0x000126c0                ClearCore::SerialBase::IrqHandlerRx()
 .text._ZN9ClearCore10SerialBase19IrqHandlerExceptionEv
                0x00012738       0x6c C:\Users\zx100\Documents\GitHub\fillhead\lib\libClearCore\Debug\libClearCore.a(SerialBase.o)
                0x00012738                ClearCore::SerialBase::IrqHandlerException()
 .text._ZN9ClearCore12SerialDriver4ModeEv
                0x000127a4       0x10 C:\Users\zx100\Documents\GitHub\fillhead\lib\libClearCore\Debug\libClearCore.a(SerialDriver.o)
                0x000127a4                ClearCore::SerialDriver::Mode()
                0x000127ac                non-virtual thunk to ClearCore::SerialDriver::Mode()
 .text._ZN9ClearCore12SerialDriver4TypeEv
                0x000127b4        0xc C:\Users\zx100\Documents\GitHub\fillhead\lib\libClearCore\Debug\libClearCore.a(SerialDriver.o)
                0x000127b4                ClearCore::SerialDriver::Type()
                0x000127b8                non-virtual thunk to ClearCore::SerialDriver::Type()
 .text._ZN9ClearCore12SerialDriver10IsWritableEv
                0x000127c0       0x10 C:\Users\zx100\Documents\GitHub\fillhead\lib\libClearCore\Debug\libClearCore.a(SerialDriver.o)
                0x000127c0                ClearCore::SerialDriver::IsWritable()
                0x000127c8                non-virtual thunk to ClearCore::SerialDriver::IsWritable()
 .text._ZN9ClearCore12SerialDriver5StateEv
                0x000127d0       0x14 C:\Users\zx100\Documents\GitHub\fillhead\lib\libClearCore\Debug\libClearCore.a(SerialDriver.o)
                0x000127d0                ClearCore::SerialDriver::State()
                0x000127dc                non-virtual thunk to ClearCore::SerialDriver::State()
 .text._ZN9ClearCore12SerialDriver11IsInHwFaultEv
                0x000127e4        0xc C:\Users\zx100\Documents\GitHub\fillhead\lib\libClearCore\Debug\libClearCore.a(SerialDriver.o)
                0x000127e4                ClearCore::SerialDriver::IsInHwFault()
                0x000127e8                non-virtual thunk to ClearCore::SerialDriver::IsInHwFault()
 .text._ZN9ClearCore12SerialDriver7RefreshEv
                0x000127f0        0xc C:\Users\zx100\Documents\GitHub\fillhead\lib\libClearCore\Debug\libClearCore.a(SerialDriver.o)
                0x000127f0                ClearCore::SerialDriver::Refresh()
                0x000127f4                non-virtual thunk to ClearCore::SerialDriver::Refresh()
 .text._ZN9ClearCore12SerialDriverC2EtNS_13ShiftRegister5MasksES2_S2_PK15PeripheralRouteS5_S5_S5_h
                0x000127fc       0x54 C:\Users\zx100\Documents\GitHub\fillhead\lib\libClearCore\Debug\libClearCore.a(SerialDriver.o)
                0x000127fc                ClearCore::SerialDriver::SerialDriver(unsigned short, ClearCore::ShiftRegister::Masks, ClearCore::ShiftRegister::Masks, ClearCore::ShiftRegister::Masks, PeripheralRoute const*, PeripheralRoute const*, PeripheralRoute const*, PeripheralRoute const*, unsigned char)
                0x000127fc                ClearCore::SerialDriver::SerialDriver(unsigned short, ClearCore::ShiftRegister::Masks, ClearCore::ShiftRegister::Masks, ClearCore::ShiftRegister::Masks, PeripheralRoute const*, PeripheralRoute const*, PeripheralRoute const*, PeripheralRoute const*, unsigned char)
 .text._ZN9ClearCore12SerialDriver5SpeedEm
                0x00012850       0x1c C:\Users\zx100\Documents\GitHub\fillhead\lib\libClearCore\Debug\libClearCore.a(SerialDriver.o)
                0x00012850                ClearCore::SerialDriver::Speed(unsigned long)
 .text._ZN9ClearCore12SerialDriver4ModeENS_9Connector14ConnectorModesE
                0x0001286c      0x14c C:\Users\zx100\Documents\GitHub\fillhead\lib\libClearCore\Debug\libClearCore.a(SerialDriver.o)
                0x0001286c                ClearCore::SerialDriver::Mode(ClearCore::Connector::ConnectorModes)
 .text._ZThn324_N9ClearCore12SerialDriver4ModeENS_9Connector14ConnectorModesE
                0x000129b8        0x8 C:\Users\zx100\Documents\GitHub\fillhead\lib\libClearCore\Debug\libClearCore.a(SerialDriver.o)
                0x000129b8                non-virtual thunk to ClearCore::SerialDriver::Mode(ClearCore::Connector::ConnectorModes)
 .text._ZN9ClearCore12SerialDriver8PortOpenEv
                0x000129c0       0x54 C:\Users\zx100\Documents\GitHub\fillhead\lib\libClearCore\Debug\libClearCore.a(SerialDriver.o)
                0x000129c0                ClearCore::SerialDriver::PortOpen()
 .text._ZN9ClearCore12SerialDriver9PortCloseEv
                0x00012a14       0x4c C:\Users\zx100\Documents\GitHub\fillhead\lib\libClearCore\Debug\libClearCore.a(SerialDriver.o)
                0x00012a14                ClearCore::SerialDriver::PortClose()
 .text._ZN9ClearCore12SerialDriver10InitializeE13ClearCorePins
                0x00012a60       0xf0 C:\Users\zx100\Documents\GitHub\fillhead\lib\libClearCore\Debug\libClearCore.a(SerialDriver.o)
                0x00012a60                ClearCore::SerialDriver::Initialize(ClearCorePins)
 .text._ZThn324_N9ClearCore12SerialDriver10InitializeE13ClearCorePins
                0x00012b50        0x8 C:\Users\zx100\Documents\GitHub\fillhead\lib\libClearCore\Debug\libClearCore.a(SerialDriver.o)
                0x00012b50                non-virtual thunk to ClearCore::SerialDriver::Initialize(ClearCorePins)
 .text._ZN9ClearCore12SerialDriver5StateEs
                0x00012b58       0xbc C:\Users\zx100\Documents\GitHub\fillhead\lib\libClearCore\Debug\libClearCore.a(SerialDriver.o)
                0x00012b58                ClearCore::SerialDriver::State(short)
                0x00012c0c                non-virtual thunk to ClearCore::SerialDriver::State(short)
 .text._ZN9ClearCore9SerialUsb6ParityENS_7ISerial9_ParitiesE
                0x00012c14        0xc C:\Users\zx100\Documents\GitHub\fillhead\lib\libClearCore\Debug\libClearCore.a(SerialUsb.o)
                0x00012c14                ClearCore::SerialUsb::Parity(ClearCore::ISerial::_Parities)
 .text._ZN9ClearCore9SerialUsb6ParityEv
                0x00012c20        0x4 C:\Users\zx100\Documents\GitHub\fillhead\lib\libClearCore\Debug\libClearCore.a(SerialUsb.o)
                0x00012c20                ClearCore::SerialUsb::Parity()
 .text._ZN9ClearCore9SerialUsb8StopBitsEh
                0x00012c24        0xc C:\Users\zx100\Documents\GitHub\fillhead\lib\libClearCore\Debug\libClearCore.a(SerialUsb.o)
                0x00012c24                ClearCore::SerialUsb::StopBits(unsigned char)
 .text._ZN9ClearCore9SerialUsb8CharSizeEh
                0x00012c30        0xc C:\Users\zx100\Documents\GitHub\fillhead\lib\libClearCore\Debug\libClearCore.a(SerialUsb.o)
                0x00012c30                ClearCore::SerialUsb::CharSize(unsigned char)
 .text._ZN9ClearCore9SerialUsb4ModeEv
                0x00012c3c        0xc C:\Users\zx100\Documents\GitHub\fillhead\lib\libClearCore\Debug\libClearCore.a(SerialUsb.o)
                0x00012c3c                ClearCore::SerialUsb::Mode()
                0x00012c40                non-virtual thunk to ClearCore::SerialUsb::Mode()
 .text._ZN9ClearCore9SerialUsb4ModeENS_9Connector14ConnectorModesE
                0x00012c48       0x14 C:\Users\zx100\Documents\GitHub\fillhead\lib\libClearCore\Debug\libClearCore.a(SerialUsb.o)
                0x00012c48                ClearCore::SerialUsb::Mode(ClearCore::Connector::ConnectorModes)
                0x00012c54                non-virtual thunk to ClearCore::SerialUsb::Mode(ClearCore::Connector::ConnectorModes)
 .text._ZN9ClearCore9SerialUsb4TypeEv
                0x00012c5c        0xc C:\Users\zx100\Documents\GitHub\fillhead\lib\libClearCore\Debug\libClearCore.a(SerialUsb.o)
                0x00012c5c                ClearCore::SerialUsb::Type()
                0x00012c60                non-virtual thunk to ClearCore::SerialUsb::Type()
 .text._ZN9ClearCore9SerialUsb11IsInHwFaultEv
                0x00012c68        0xc C:\Users\zx100\Documents\GitHub\fillhead\lib\libClearCore\Debug\libClearCore.a(SerialUsb.o)
                0x00012c68                ClearCore::SerialUsb::IsInHwFault()
                0x00012c6c                non-virtual thunk to ClearCore::SerialUsb::IsInHwFault()
 .text._ZN9ClearCore9SerialUsb10InitializeE13ClearCorePins
                0x00012c74       0x10 C:\Users\zx100\Documents\GitHub\fillhead\lib\libClearCore\Debug\libClearCore.a(SerialUsb.o)
                0x00012c74                ClearCore::SerialUsb::Initialize(ClearCorePins)
                0x00012c7c                non-virtual thunk to ClearCore::SerialUsb::Initialize(ClearCorePins)
 .text._ZN9ClearCore9SerialUsb7RefreshEv
                0x00012c84        0xc C:\Users\zx100\Documents\GitHub\fillhead\lib\libClearCore\Debug\libClearCore.a(SerialUsb.o)
                0x00012c84                ClearCore::SerialUsb::Refresh()
                0x00012c88                non-virtual thunk to ClearCore::SerialUsb::Refresh()
 .text._ZN9ClearCore9SerialUsb10FlushInputEv
                0x00012c90        0xc C:\Users\zx100\Documents\GitHub\fillhead\lib\libClearCore\Debug\libClearCore.a(SerialUsb.o)
                0x00012c90                ClearCore::SerialUsb::FlushInput()
 .text._ZN9ClearCore9SerialUsb19WaitForTransmitIdleEv
                0x00012c9c        0xc C:\Users\zx100\Documents\GitHub\fillhead\lib\libClearCore\Debug\libClearCore.a(SerialUsb.o)
                0x00012c9c                ClearCore::SerialUsb::WaitForTransmitIdle()
                0x00012c9c                ClearCore::SerialUsb::Flush()
 .text._ZN9ClearCore9SerialUsbcvbEv
                0x00012ca8        0xc C:\Users\zx100\Documents\GitHub\fillhead\lib\libClearCore\Debug\libClearCore.a(SerialUsb.o)
                0x00012ca8                ClearCore::SerialUsb::PortIsOpen()
                0x00012ca8                ClearCore::SerialUsb::operator bool()
 .text._ZN9ClearCore9SerialUsb8PortOpenEv
                0x00012cb4        0xc C:\Users\zx100\Documents\GitHub\fillhead\lib\libClearCore\Debug\libClearCore.a(SerialUsb.o)
                0x00012cb4                ClearCore::SerialUsb::PortOpen()
 .text._ZN9ClearCore9SerialUsb9PortCloseEv
                0x00012cc0        0xc C:\Users\zx100\Documents\GitHub\fillhead\lib\libClearCore\Debug\libClearCore.a(SerialUsb.o)
                0x00012cc0                ClearCore::SerialUsb::PortClose()
 .text._ZN9ClearCore9SerialUsb5SpeedEm
                0x00012ccc        0xc C:\Users\zx100\Documents\GitHub\fillhead\lib\libClearCore\Debug\libClearCore.a(SerialUsb.o)
                0x00012ccc                ClearCore::SerialUsb::Speed(unsigned long)
 .text._ZN9ClearCore9SerialUsb5SpeedEv
                0x00012cd8        0xc C:\Users\zx100\Documents\GitHub\fillhead\lib\libClearCore\Debug\libClearCore.a(SerialUsb.o)
                0x00012cd8                ClearCore::SerialUsb::Speed()
 .text._ZN9ClearCore9SerialUsb7CharGetEv
                0x00012ce4        0xc C:\Users\zx100\Documents\GitHub\fillhead\lib\libClearCore\Debug\libClearCore.a(SerialUsb.o)
                0x00012ce4                ClearCore::SerialUsb::CharGet()
 .text._ZN9ClearCore9SerialUsb8CharPeekEv
                0x00012cf0        0xc C:\Users\zx100\Documents\GitHub\fillhead\lib\libClearCore\Debug\libClearCore.a(SerialUsb.o)
                0x00012cf0                ClearCore::SerialUsb::CharPeek()
 .text._ZN9ClearCore9SerialUsb8SendCharEh
                0x00012cfc        0xc C:\Users\zx100\Documents\GitHub\fillhead\lib\libClearCore\Debug\libClearCore.a(SerialUsb.o)
                0x00012cfc                ClearCore::SerialUsb::SendChar(unsigned char)
 .text._ZN9ClearCore9SerialUsb16AvailableForReadEv
                0x00012d08        0xc C:\Users\zx100\Documents\GitHub\fillhead\lib\libClearCore\Debug\libClearCore.a(SerialUsb.o)
                0x00012d08                ClearCore::SerialUsb::AvailableForRead()
 .text._ZN9ClearCore9SerialUsb17AvailableForWriteEv
                0x00012d14        0xc C:\Users\zx100\Documents\GitHub\fillhead\lib\libClearCore\Debug\libClearCore.a(SerialUsb.o)
                0x00012d14                ClearCore::SerialUsb::AvailableForWrite()
 .text._ZN9ClearCore9SerialUsb10IsWritableEv
                0x00012d20       0x24 C:\Users\zx100\Documents\GitHub\fillhead\lib\libClearCore\Debug\libClearCore.a(SerialUsb.o)
                0x00012d20                ClearCore::SerialUsb::IsWritable()
                0x00012d3c                non-virtual thunk to ClearCore::SerialUsb::IsWritable()
 .text._ZN9ClearCore9SerialUsb5StateEv
                0x00012d44       0x30 C:\Users\zx100\Documents\GitHub\fillhead\lib\libClearCore\Debug\libClearCore.a(SerialUsb.o)
                0x00012d44                ClearCore::SerialUsb::State()
                0x00012d6c                non-virtual thunk to ClearCore::SerialUsb::State()
 .text._ZN9ClearCore9SerialUsb5StateEs
                0x00012d74       0x48 C:\Users\zx100\Documents\GitHub\fillhead\lib\libClearCore\Debug\libClearCore.a(SerialUsb.o)
                0x00012d74                ClearCore::SerialUsb::State(short)
                0x00012db4                non-virtual thunk to ClearCore::SerialUsb::State(short)
 .text._ZN9ClearCore9LedDriver4ModeEv
                0x00012dbc        0x4 C:\Users\zx100\Documents\GitHub\fillhead\lib\libClearCore\Debug\libClearCore.a(LedDriver.o)
                0x00012dbc                ClearCore::LedDriver::Mode()
 .text._ZN9ClearCore9LedDriver4ModeENS_9Connector14ConnectorModesE
                0x00012dc0        0xc C:\Users\zx100\Documents\GitHub\fillhead\lib\libClearCore\Debug\libClearCore.a(LedDriver.o)
                0x00012dc0                ClearCore::LedDriver::Mode(ClearCore::Connector::ConnectorModes)
 .text._ZN9ClearCore9LedDriver4TypeEv
                0x00012dcc        0x4 C:\Users\zx100\Documents\GitHub\fillhead\lib\libClearCore\Debug\libClearCore.a(LedDriver.o)
                0x00012dcc                ClearCore::LedDriver::Type()
 .text._ZN9ClearCore9LedDriver10IsWritableEv
                0x00012dd0        0x4 C:\Users\zx100\Documents\GitHub\fillhead\lib\libClearCore\Debug\libClearCore.a(LedDriver.o)
                0x00012dd0                ClearCore::LedDriver::IsWritable()
 .text._ZN9ClearCore9LedDriver11IsInHwFaultEv
                0x00012dd4        0x4 C:\Users\zx100\Documents\GitHub\fillhead\lib\libClearCore\Debug\libClearCore.a(LedDriver.o)
                0x00012dd4                ClearCore::LedDriver::IsInHwFault()
 .text._ZN9ClearCore9LedDriver7RefreshEv
                0x00012dd8        0x4 C:\Users\zx100\Documents\GitHub\fillhead\lib\libClearCore\Debug\libClearCore.a(LedDriver.o)
                0x00012dd8                ClearCore::LedDriver::Refresh()
 .text._ZN9ClearCore9LedDriver10InitializeE13ClearCorePins
                0x00012ddc        0x8 C:\Users\zx100\Documents\GitHub\fillhead\lib\libClearCore\Debug\libClearCore.a(LedDriver.o)
                0x00012ddc                ClearCore::LedDriver::Initialize(ClearCorePins)
 .text._ZN9ClearCore9LedDriver5StateEv
                0x00012de4       0x18 C:\Users\zx100\Documents\GitHub\fillhead\lib\libClearCore\Debug\libClearCore.a(LedDriver.o)
                0x00012de4                ClearCore::LedDriver::State()
 .text._ZN9ClearCore9LedDriver5StateEs
                0x00012dfc       0x44 C:\Users\zx100\Documents\GitHub\fillhead\lib\libClearCore\Debug\libClearCore.a(LedDriver.o)
                0x00012dfc                ClearCore::LedDriver::State(short)
 .text._ZN9ClearCore9LedDriverC2ENS_13ShiftRegister5MasksE
                0x00012e40       0x18 C:\Users\zx100\Documents\GitHub\fillhead\lib\libClearCore\Debug\libClearCore.a(LedDriver.o)
                0x00012e40                ClearCore::LedDriver::LedDriver(ClearCore::ShiftRegister::Masks)
                0x00012e40                ClearCore::LedDriver::LedDriver(ClearCore::ShiftRegister::Masks)
 .text._ZN9ClearCore13StatusManager8InstanceEv
                0x00012e58       0x7c C:\Users\zx100\Documents\GitHub\fillhead\lib\libClearCore\Debug\libClearCore.a(StatusManager.o)
                0x00012e58                ClearCore::StatusManager::Instance()
 .text._ZN9ClearCore13StatusManager8StatusRTENS0_14StatusRegisterE
                0x00012ed4        0xc C:\Users\zx100\Documents\GitHub\fillhead\lib\libClearCore\Debug\libClearCore.a(StatusManager.o)
                0x00012ed4                ClearCore::StatusManager::StatusRT(ClearCore::StatusManager::StatusRegister)
 .text._ZN9ClearCore13StatusManager14AdcIsInTimeoutEv
                0x00012ee0        0xc C:\Users\zx100\Documents\GitHub\fillhead\lib\libClearCore\Debug\libClearCore.a(StatusManager.o)
                0x00012ee0                ClearCore::StatusManager::AdcIsInTimeout()
 .text._ZN9ClearCore13StatusManager10InitializeENS_13ShiftRegister5MasksE
                0x00012eec       0x1c C:\Users\zx100\Documents\GitHub\fillhead\lib\libClearCore\Debug\libClearCore.a(StatusManager.o)
                0x00012eec                ClearCore::StatusManager::Initialize(ClearCore::ShiftRegister::Masks)
 .text._ZN9ClearCore13StatusManager12HBridgeStateEb
                0x00012f08       0x68 C:\Users\zx100\Documents\GitHub\fillhead\lib\libClearCore\Debug\libClearCore.a(StatusManager.o)
                0x00012f08                ClearCore::StatusManager::HBridgeState(bool)
 .text._ZN9ClearCore13StatusManager9BlinkCodeENS_15BlinkCodeDriver15BlinkCodeGroupsEh
                0x00012f70       0x10 C:\Users\zx100\Documents\GitHub\fillhead\lib\libClearCore\Debug\libClearCore.a(StatusManager.o)
                0x00012f70                ClearCore::StatusManager::BlinkCode(ClearCore::BlinkCodeDriver::BlinkCodeGroups, unsigned char)
 .text._ZN9ClearCore13StatusManager16UpdateBlinkCodesENS0_14StatusRegisterE
                0x00012f80       0xb4 C:\Users\zx100\Documents\GitHub\fillhead\lib\libClearCore\Debug\libClearCore.a(StatusManager.o)
                0x00012f80                ClearCore::StatusManager::UpdateBlinkCodes(ClearCore::StatusManager::StatusRegister)
 .text._ZN9ClearCore13StatusManager7RefreshEv
                0x00013034      0x294 C:\Users\zx100\Documents\GitHub\fillhead\lib\libClearCore\Debug\libClearCore.a(StatusManager.o)
                0x00013034                ClearCore::StatusManager::Refresh()
 .text._ZN9ClearCore13StatusManager14OverloadUpdateEmb
                0x000132c8       0x1c C:\Users\zx100\Documents\GitHub\fillhead\lib\libClearCore\Debug\libClearCore.a(StatusManager.o)
                0x000132c8                ClearCore::StatusManager::OverloadUpdate(unsigned long, bool)
 .text.startup._GLOBAL__sub_I__ZN9ClearCore9StatusMgrE
                0x000132e4       0x10 C:\Users\zx100\Documents\GitHub\fillhead\lib\libClearCore\Debug\libClearCore.a(StatusManager.o)
 .text._ZN9ClearCore10UsbManager18CBLineStateChangedE22usb_cdc_control_signal
                0x000132f4       0x80 C:\Users\zx100\Documents\GitHub\fillhead\lib\libClearCore\Debug\libClearCore.a(UsbManager.o)
                0x000132f4                ClearCore::UsbManager::CBLineStateChanged(usb_cdc_control_signal)
 .text._ZN9ClearCore10UsbManager10RxCompleteEh13usb_xfer_codem
                0x00013374      0x238 C:\Users\zx100\Documents\GitHub\fillhead\lib\libClearCore\Debug\libClearCore.a(UsbManager.o)
                0x00013374                ClearCore::UsbManager::RxComplete(unsigned char, usb_xfer_code, unsigned long)
 .text._ZN9ClearCore10UsbManager10TxCompleteEh13usb_xfer_codem
                0x000135ac      0x3d0 C:\Users\zx100\Documents\GitHub\fillhead\lib\libClearCore\Debug\libClearCore.a(UsbManager.o)
                0x000135ac                ClearCore::UsbManager::TxComplete(unsigned char, usb_xfer_code, unsigned long)
 .text._ZN9ClearCore10UsbManager8InstanceEv
                0x0001397c       0x68 C:\Users\zx100\Documents\GitHub\fillhead\lib\libClearCore\Debug\libClearCore.a(UsbManager.o)
                0x0001397c                ClearCore::UsbManager::Instance()
 .text._ZN9ClearCore10UsbManager10InitializeEv
                0x000139e4      0x460 C:\Users\zx100\Documents\GitHub\fillhead\lib\libClearCore\Debug\libClearCore.a(UsbManager.o)
                0x000139e4                ClearCore::UsbManager::Initialize()
 .text._ZN9ClearCore10UsbManager5SpeedEm
                0x00013e44        0x4 C:\Users\zx100\Documents\GitHub\fillhead\lib\libClearCore\Debug\libClearCore.a(UsbManager.o)
                0x00013e44                ClearCore::UsbManager::Speed(unsigned long)
 .text._ZN9ClearCore10UsbManager5SpeedEv
                0x00013e48        0xc C:\Users\zx100\Documents\GitHub\fillhead\lib\libClearCore\Debug\libClearCore.a(UsbManager.o)
                0x00013e48                ClearCore::UsbManager::Speed()
 .text._ZN9ClearCore10UsbManager8PortOpenEv
                0x00013e54       0x38 C:\Users\zx100\Documents\GitHub\fillhead\lib\libClearCore\Debug\libClearCore.a(UsbManager.o)
                0x00013e54                ClearCore::UsbManager::PortOpen()
 .text._ZN9ClearCore10UsbManager10FlushInputEv
                0x00013e8c       0x1c C:\Users\zx100\Documents\GitHub\fillhead\lib\libClearCore\Debug\libClearCore.a(UsbManager.o)
                0x00013e8c                ClearCore::UsbManager::FlushInput()
 .text._ZN9ClearCore10UsbManager18WaitForWriteFinishEv
                0x00013ea8       0x34 C:\Users\zx100\Documents\GitHub\fillhead\lib\libClearCore\Debug\libClearCore.a(UsbManager.o)
                0x00013ea8                ClearCore::UsbManager::WaitForWriteFinish()
 .text._ZN9ClearCore10UsbManagercvbEv
                0x00013edc       0x3c C:\Users\zx100\Documents\GitHub\fillhead\lib\libClearCore\Debug\libClearCore.a(UsbManager.o)
                0x00013edc                ClearCore::UsbManager::operator bool()
 .text._ZN9ClearCore10UsbManager7CharGetEv
                0x00013f18      0x258 C:\Users\zx100\Documents\GitHub\fillhead\lib\libClearCore\Debug\libClearCore.a(UsbManager.o)
                0x00013f18                ClearCore::UsbManager::CharGet()
 .text._ZN9ClearCore10UsbManager8CharPeekEv
                0x00014170       0x18 C:\Users\zx100\Documents\GitHub\fillhead\lib\libClearCore\Debug\libClearCore.a(UsbManager.o)
                0x00014170                ClearCore::UsbManager::CharPeek()
 .text._ZN9ClearCore10UsbManager8SendCharEh
                0x00014188       0x68 C:\Users\zx100\Documents\GitHub\fillhead\lib\libClearCore\Debug\libClearCore.a(UsbManager.o)
                0x00014188                ClearCore::UsbManager::SendChar(unsigned char)
 .text._ZN9ClearCore10UsbManager16AvailableForReadEv
                0x000141f0       0x10 C:\Users\zx100\Documents\GitHub\fillhead\lib\libClearCore\Debug\libClearCore.a(UsbManager.o)
                0x000141f0                ClearCore::UsbManager::AvailableForRead()
 .text._ZN9ClearCore10UsbManager17AvailableForWriteEv
                0x00014200       0x14 C:\Users\zx100\Documents\GitHub\fillhead\lib\libClearCore\Debug\libClearCore.a(UsbManager.o)
                0x00014200                ClearCore::UsbManager::AvailableForWrite()
 .text._ZN9ClearCore10UsbManager6TxPumpEv
                0x00014214      0x3f4 C:\Users\zx100\Documents\GitHub\fillhead\lib\libClearCore\Debug\libClearCore.a(UsbManager.o)
                0x00014214                ClearCore::UsbManager::TxPump()
 .text._ZN9ClearCore10UsbManager9PortCloseEv
                0x00014608       0x70 C:\Users\zx100\Documents\GitHub\fillhead\lib\libClearCore\Debug\libClearCore.a(UsbManager.o)
                0x00014608                ClearCore::UsbManager::PortClose()
 .text._ZN9ClearCore10UsbManager7RefreshEv
                0x00014678      0x3f4 C:\Users\zx100\Documents\GitHub\fillhead\lib\libClearCore\Debug\libClearCore.a(UsbManager.o)
                0x00014678                ClearCore::UsbManager::Refresh()
 .text.startup._GLOBAL__sub_I__ZN9ClearCore6UsbMgrE
                0x00014a6c       0x10 C:\Users\zx100\Documents\GitHub\fillhead\lib\libClearCore\Debug\libClearCore.a(UsbManager.o)
 .text._ZN9ClearCore11MotorDriverC2Ev
                0x00014a7c       0x44 C:\Users\zx100\Documents\GitHub\fillhead\lib\libClearCore\Debug\libClearCore.a(SysManager.o)
                0x00014a7c                ClearCore::MotorDriver::MotorDriver()
                0x00014a7c                ClearCore::MotorDriver::MotorDriver()
 .text._ZN9ClearCore10SysManagerC2Ev
                0x00014ac0     0x1784 C:\Users\zx100\Documents\GitHub\fillhead\lib\libClearCore\Debug\libClearCore.a(SysManager.o)
                0x00014ac0                ClearCore::SysManager::SysManager()
                0x00014ac0                ClearCore::SysManager::SysManager()
 .text._ZN9ClearCore10SysManager16ConnectorByIndexE13ClearCorePins
                0x00016244       0x1c C:\Users\zx100\Documents\GitHub\fillhead\lib\libClearCore\Debug\libClearCore.a(SysManager.o)
                0x00016244                ClearCore::SysManager::ConnectorByIndex(ClearCorePins)
 .text._ZN9ClearCore10SysManager10InitClocksEv
                0x00016260      0x2dc C:\Users\zx100\Documents\GitHub\fillhead\lib\libClearCore\Debug\libClearCore.a(SysManager.o)
                0x00016260                ClearCore::SysManager::InitClocks()
 .text._ZN9ClearCore10SysManager10InitializeEv
                0x0001653c      0x280 C:\Users\zx100\Documents\GitHub\fillhead\lib\libClearCore\Debug\libClearCore.a(SysManager.o)
                0x0001653c                ClearCore::SysManager::Initialize()
 .text._ZN9ClearCore10SysManager10ResetBoardENS0_10ResetModesE
                0x000167bc       0x38 C:\Users\zx100\Documents\GitHub\fillhead\lib\libClearCore\Debug\libClearCore.a(SysManager.o)
                0x000167bc                ClearCore::SysManager::ResetBoard(ClearCore::SysManager::ResetModes)
 .text.GMAC_Handler
                0x000167f4        0xc C:\Users\zx100\Documents\GitHub\fillhead\lib\libClearCore\Debug\libClearCore.a(SysManager.o)
                0x000167f4                GMAC_Handler
 .text.SERCOM0_0_Handler